Component: ARM Compiler 5.06 update 4 (build 422) Tool: armlink [4d35d2]

==============================================================================

Section Cross References

    system_stm32f4xx.o(i.SystemCoreClockUpdate) refers to system_stm32f4xx.o(.data) for SystemCoreClock
    system_stm32f4xx.o(i.SystemInit) refers to system_stm32f4xx.o(i.SetSysClock) for SetSysClock
    startup_stm32f40_41xxx.o(STACK) refers (Special) to heapauxi.o(.text) for __use_two_region_memory
    startup_stm32f40_41xxx.o(HEAP) refers (Special) to heapauxi.o(.text) for __use_two_region_memory
    startup_stm32f40_41xxx.o(RESET) refers (Special) to heapauxi.o(.text) for __use_two_region_memory
    startup_stm32f40_41xxx.o(RESET) refers to startup_stm32f40_41xxx.o(STACK) for __initial_sp
    startup_stm32f40_41xxx.o(RESET) refers to startup_stm32f40_41xxx.o(.text) for Reset_Handler
    startup_stm32f40_41xxx.o(RESET) refers to exti.o(i.EXTI0_IRQHandler) for EXTI0_IRQHandler
    startup_stm32f40_41xxx.o(RESET) refers to timer.o(i.TIM3_IRQHandler) for TIM3_IRQHandler
    startup_stm32f40_41xxx.o(RESET) refers to uart.o(i.USART1_IRQHandler) for USART1_IRQHandler
    startup_stm32f40_41xxx.o(RESET) refers to rtc.o(i.RTC_Alarm_IRQHandler) for RTC_Alarm_IRQHandler
    startup_stm32f40_41xxx.o(.text) refers (Special) to heapauxi.o(.text) for __use_two_region_memory
    startup_stm32f40_41xxx.o(.text) refers to system_stm32f4xx.o(i.SystemInit) for SystemInit
    startup_stm32f40_41xxx.o(.text) refers to __main.o(!!!main) for __main
    startup_stm32f40_41xxx.o(.text) refers to startup_stm32f40_41xxx.o(HEAP) for Heap_Mem
    startup_stm32f40_41xxx.o(.text) refers to startup_stm32f40_41xxx.o(STACK) for Stack_Mem
    main.o(i.bp_page) refers to _printf_pad.o(.text) for _printf_pre_padding
    main.o(i.bp_page) refers to _printf_percent.o(.ARM.Collect$$_printf_percent$$00000000) for _printf_percent
    main.o(i.bp_page) refers to _printf_d.o(.ARM.Collect$$_printf_percent$$00000009) for _printf_d
    main.o(i.bp_page) refers to _printf_dec.o(.text) for _printf_int_dec
    main.o(i.bp_page) refers to rt_memclr_w.o(.text) for __aeabi_memclr4
    main.o(i.bp_page) refers to hp6.o(i.HP_6_OpenBp) for HP_6_OpenBp
    main.o(i.bp_page) refers to oled.o(i.OLED_drawBMP) for OLED_drawBMP
    main.o(i.bp_page) refers to oled.o(i.OLED_showCHinese) for OLED_showCHinese
    main.o(i.bp_page) refers to hp6.o(i.HP_6_GetBpResult) for HP_6_GetBpResult
    main.o(i.bp_page) refers to hp6.o(i.HP_6_GetResultData) for HP_6_GetResultData
    main.o(i.bp_page) refers to oled.o(i.OLED_showString) for OLED_showString
    main.o(i.bp_page) refers to noretval__2sprintf.o(.text) for __2sprintf
    main.o(i.bp_page) refers to delay.o(i.delay_ms) for delay_ms
    main.o(i.bp_page) refers to key.o(i.key_scan) for key_scan
    main.o(i.bp_page) refers to hp6.o(i.HP_6_CloseBp) for HP_6_CloseBp
    main.o(i.bp_page) refers to iic.o(i.IIC_stop) for IIC_stop
    main.o(i.bp_page) refers to main.o(.constdata) for xytb
    main.o(i.bp_page) refers to main.o(.data) for page
    main.o(i.clock_page) refers to sht20.o(i.SHT20_readTemAndHum) for SHT20_readTemAndHum
    main.o(i.clock_page) refers to oled.o(i.OLED_showCHinese) for OLED_showCHinese
    main.o(i.clock_page) refers to oled.o(i.OLED_showNum) for OLED_showNum
    main.o(i.clock_page) refers to oled.o(i.OLED_drawBMP) for OLED_drawBMP
    main.o(i.clock_page) refers to delay.o(i.delay_ms) for delay_ms
    main.o(i.clock_page) refers to key.o(i.key_scan) for key_scan
    main.o(i.clock_page) refers to iic.o(i.IIC_stop) for IIC_stop
    main.o(i.clock_page) refers to main.o(.constdata) for wddw
    main.o(i.clock_page) refers to main.o(.data) for page
    main.o(i.main) refers to delay.o(i.delay_init) for delay_init
    main.o(i.main) refers to led.o(i.led_init) for led_init
    main.o(i.main) refers to key.o(i.key_init) for key_init
    main.o(i.main) refers to spi.o(i.Spi1_init) for Spi1_init
    main.o(i.main) refers to oled.o(i.Oled_init) for Oled_init
    main.o(i.main) refers to iic.o(i.IIC_init) for IIC_init
    main.o(i.main) refers to sht20.o(i.SHT20_Init) for SHT20_Init
    main.o(i.main) refers to hp6.o(i.Hp_6_init) for Hp_6_init
    main.o(i.main) refers to mpu6050.o(i.MPU_Init) for MPU_Init
    main.o(i.main) refers to rtc.o(i.RTC_init) for RTC_init
    main.o(i.main) refers to oled.o(i.OLED_clear) for OLED_clear
    main.o(i.main) refers to main.o(i.show_page) for show_page
    main.o(i.main) refers to delay.o(i.delay_ms) for delay_ms
    main.o(i.main) refers to main.o(i.time_page) for time_page
    main.o(i.main) refers to main.o(i.clock_page) for clock_page
    main.o(i.main) refers to main.o(i.pulse_page) for pulse_page
    main.o(i.main) refers to main.o(i.bp_page) for bp_page
    main.o(i.main) refers to main.o(i.step_page) for step_page
    main.o(i.main) refers to main.o(i.show_page2) for show_page2
    main.o(i.main) refers to main.o(.data) for page
[...]
    rtexit.o(.ARM.exidx) refers (Special) to rtexit2.o(.ARM.Collect$$rtexit$$00000003) for __rt_exit_ls
    rtexit.o(.ARM.exidx) refers (Special) to rtexit2.o(.ARM.Collect$$rtexit$$00000002) for __rt_exit_prels_1
    rtexit.o(.ARM.exidx) refers to rtexit.o(.ARM.Collect$$rtexit$$00000000) for .ARM.Collect$$rtexit$$00000000
    libinit2.o(.ARM.Collect$$libinit$$00000001) refers to fpinit.o(x$fpl$fpinit) for _fp_init
    libinit2.o(.ARM.Collect$$libinit$$00000010) refers to libinit2.o(.ARM.Collect$$libinit$$0000000F) for .ARM.Collect$$libinit$$0000000F
    libinit2.o(.ARM.Collect$$libinit$$00000012) refers to libinit2.o(.ARM.Collect$$libinit$$0000000F) for .ARM.Collect$$libinit$$0000000F
    libinit2.o(.ARM.Collect$$libinit$$00000014) refers to libinit2.o(.ARM.Collect$$libinit$$0000000F) for .ARM.Collect$$libinit$$0000000F
    libinit2.o(.ARM.Collect$$libinit$$00000016) refers to libinit2.o(.ARM.Collect$$libinit$$0000000F) for .ARM.Collect$$libinit$$0000000F
    libinit2.o(.ARM.Collect$$libinit$$00000018) refers to libinit2.o(.ARM.Collect$$libinit$$0000000F) for .ARM.Collect$$libinit$$0000000F
    libinit2.o(.ARM.Collect$$libinit$$00000026) refers to argv_veneer.o(.emb_text) for __ARM_argv_veneer
    libinit2.o(.ARM.Collect$$libinit$$00000027) refers to argv_veneer.o(.emb_text) for __ARM_argv_veneer
    rtexit2.o(.ARM.Collect$$rtexit$$00000003) refers to libshutdown.o(.ARM.Collect$$libshutdown$$00000000) for __rt_lib_shutdown
    rtexit2.o(.ARM.Collect$$rtexit$$00000004) refers to sys_exit.o(.text) for _sys_exit
    rtexit2.o(.ARM.exidx) refers to rtexit2.o(.ARM.Collect$$rtexit$$00000001) for .ARM.Collect$$rtexit$$00000001
    rtexit2.o(.ARM.exidx) refers to rtexit2.o(.ARM.Collect$$rtexit$$00000003) for .ARM.Collect$$rtexit$$00000003
    rtexit2.o(.ARM.exidx) refers to rtexit2.o(.ARM.Collect$$rtexit$$00000004) for .ARM.Collect$$rtexit$$00000004
    argv_veneer.o(.emb_text) refers to no_argv.o(.text) for __ARM_get_argv
    sys_exit.o(.text) refers (Special) to use_no_semi.o(.text) for __I$use$semihosting
    sys_exit.o(.text) refers (Special) to indicate_semi.o(.text) for __semihosting_library_function
    _get_argv_nomalloc.o(.text) refers (Special) to hrguard.o(.text) for __heap_region$guard
    _get_argv_nomalloc.o(.text) refers to defsig_rtmem_outer.o(.text) for __rt_SIGRTMEM
    _get_argv_nomalloc.o(.text) refers to sys_command.o(.text) for _sys_command_string
    libshutdown.o(.ARM.Collect$$libshutdown$$00000000) refers (Special) to libshutdown2.o(.ARM.Collect$$libshutdown$$00000002) for __rt_lib_shutdown_cpp_1
    libshutdown.o(.ARM.Collect$$libshutdown$$00000000) refers (Special) to libshutdown2.o(.ARM.Collect$$libshutdown$$00000007) for __rt_lib_shutdown_fp_trap_1
    libshutdown.o(.ARM.Collect$$libshutdown$$00000000) refers (Special) to libshutdown2.o(.ARM.Collect$$libshutdown$$0000000F) for __rt_lib_shutdown_heap_1
    libshutdown.o(.ARM.Collect$$libshutdown$$00000000) refers (Special) to libshutdown2.o(.ARM.Collect$$libshutdown$$00000010) for __rt_lib_shutdown_return
    libshutdown.o(.ARM.Collect$$libshutdown$$00000000) refers (Special) to libshutdown2.o(.ARM.Collect$$libshutdown$$0000000A) for __rt_lib_shutdown_signal_1
    libshutdown.o(.ARM.Collect$$libshutdown$$00000000) refers (Special) to libshutdown2.o(.ARM.Collect$$libshutdown$$00000004) for __rt_lib_shutdown_stdio_1
    libshutdown.o(.ARM.Collect$$libshutdown$$00000000) refers (Special) to libshutdown2.o(.ARM.Collect$$libshutdown$$0000000C) for __rt_lib_shutdown_user_alloc_1
    sys_command.o(.text) refers (Special) to use_no_semi.o(.text) for __I$use$semihosting
    sys_command.o(.text) refers (Special) to indicate_semi.o(.text) for __semihosting_library_function
    defsig_rtmem_outer.o(.text) refers to defsig_rtmem_inner.o(.text) for __rt_SIGRTMEM_inner
    defsig_rtmem_outer.o(.text) refers to defsig_exit.o(.text) for __sig_exit
    defsig_rtmem_formal.o(.text) refers to rt_raise.o(.text) for __rt_raise
    rt_raise.o(.text) refers to __raise.o(.text) for __raise
    rt_raise.o(.text) refers to sys_exit.o(.text) for _sys_exit
    defsig_exit.o(.text) refers to sys_exit.o(.text) for _sys_exit
    defsig_rtmem_inner.o(.text) refers to defsig_general.o(.text) for __default_signal_display
    __raise.o(.text) refers to defsig.o(CL$$defsig) for __default_signal_handler
    defsig_general.o(.text) refers to sys_wrch.o(.text) for _ttywrch
    sys_wrch.o(.text) refers (Special) to use_no_semi.o(.text) for __I$use$semihosting
    sys_wrch.o(.text) refers (Special) to indicate_semi.o(.text) for __semihosting_library_function
    defsig.o(CL$$defsig) refers to defsig_rtmem_inner.o(.text) for __rt_SIGRTMEM_inner
    defsig_abrt_inner.o(.text) refers to defsig_general.o(.text) for __default_signal_display
    defsig_fpe_inner.o(.text) refers to defsig_general.o(.text) for __default_signal_display
    defsig_rtred_inner.o(.text) refers to defsig_general.o(.text) for __default_signal_display
    defsig_stak_inner.o(.text) refers to defsig_general.o(.text) for __default_signal_display
    defsig_pvfn_inner.o(.text) refers to defsig_general.o(.text) for __default_signal_display
    defsig_cppl_inner.o(.text) refers to defsig_general.o(.text) for __default_signal_display
    defsig_segv_inner.o(.text) refers to defsig_general.o(.text) for __default_signal_display
    defsig_other.o(.text) refers to defsig_general.o(.text) for __default_signal_display


==============================================================================

Removing Unused input sections from the image.

    Removing system_stm32f4xx.o(.rev16_text), (4 bytes).
    Removing system_stm32f4xx.o(.revsh_text), (4 bytes).
    Removing system_stm32f4xx.o(i.SystemCoreClockUpdate), (168 bytes).
    Removing system_stm32f4xx.o(.data), (20 bytes).
    Removing main.o(.rev16_text), (4 bytes).
    Removing main.o(.revsh_text), (4 bytes).
    Removing main.o(i.show_page1), (112 bytes).
    Removing key.o(.rev16_text), (4 bytes).
    Removing key.o(.revsh_text), (4 bytes).
    Removing led.o(.rev16_text), (4 bytes).
    Removing led.o(.revsh_text), (4 bytes).
    Removing exti.o(.rev16_text), (4 bytes).
    Removing exti.o(.revsh_text), (4 bytes).
    Removing exti.o(i.init_exti0), (108 bytes).
    Removing delay.o(.rev16_text), (4 bytes).
    Removing delay.o(.revsh_text), (4 bytes).
    Removing uart.o(.rev16_text), (4 bytes).
    Removing uart.o(.revsh_text), (4 bytes).
    Removing uart.o(i.init_uart1), (436 bytes).
    Removing uart.o(i.rev_byte), (28 bytes).
    Removing timer.o(.rev16_text), (4 bytes).
    Removing timer.o(.revsh_text), (4 bytes).
    Removing timer.o(i.TIM2_initPWM), (164 bytes).
    Removing timer.o(i.TIM3_init), (268 bytes).
    Removing oled.o(.rev16_text), (4 bytes).
    Removing oled.o(.revsh_text), (4 bytes).
    Removing oled.o(i.OLED_displayOff), (28 bytes).
    Removing oled.o(i.OLED_displayOn), (28 bytes).
    Removing oled.o(i.OLED_eraseBMP), (64 bytes).
    Removing spi.o(.rev16_text), (4 bytes).
    Removing spi.o(.revsh_text), (4 bytes).
    Removing iic.o(.rev16_text), (4 bytes).
    Removing iic.o(.revsh_text), (4 bytes).
    Removing sht20.o(.rev16_text), (4 bytes).
    Removing sht20.o(.revsh_text), (4 bytes).
    Removing hp6.o(.rev16_text), (4 bytes).
    Removing hp6.o(.revsh_text), (4 bytes).
    Removing hp6.o(i.HP_6_Delay_ms), (14 bytes).
    Removing hp6.o(i.HP_6_GetADC), (68 bytes).
    Removing hp6.o(i.HP_6_PowerSaving), (44 bytes).
    Removing hp6.o(i.HP_6_VersionInfo), (44 bytes).
    Removing mpu6050.o(.rev16_text), (4 bytes).
    Removing mpu6050.o(.revsh_text), (4 bytes).
    Removing mpu6050.o(i.MPU_Get_Gyroscope), (80 bytes).
    Removing mpu6050.o(i.MPU_Get_Temperature), (132 bytes).
    Removing mpu6050.o(i.MPU_Set_Gyro_Fsr), (16 bytes).
    Removing mpu6050.o(i.MPU_Write_Len), (96 bytes).
    Removing rtc.o(.rev16_text), (4 bytes).
    Removing rtc.o(.revsh_text), (4 bytes).
    Removing rtc.o(i.RTC_returnDateTimePointer), (8 bytes).
    Removing rtc.o(i.RTC_setAlarmA), (236 bytes).

51 unused section(s) (total 2282 bytes) removed from the image.

==============================================================================

Image Symbol Table

    Local Symbols

    Symbol Name                              Value     Ov Type        Size  Object(Section)

    ../clib/angel/boardlib.s                 0x00000000   Number         0  boardshut.o ABSOLUTE
    ../clib/angel/boardlib.s                 0x00000000   Number         0  boardinit3.o ABSOLUTE
    ../clib/angel/boardlib.s                 0x00000000   Number         0  boardinit2.o ABSOLUTE
    ../clib/angel/boardlib.s                 0x00000000   Number         0  boardinit1.o ABSOLUTE
    ../clib/angel/dclz77c.s                  0x00000000   Number         0  __dclz77c.o ABSOLUTE
    ../clib/angel/handlers.s                 0x00000000   Number         0  __scatter_zi.o ABSOLUTE
    ../clib/angel/kernel.s                   0x00000000   Number         0  rtexit2.o ABSOLUTE
    ../clib/angel/kernel.s                   0x00000000   Number         0  rtexit.o ABSOLUTE
    ../clib/angel/kernel.s                   0x00000000   Number         0  __rtentry4.o ABSOLUTE
    ../clib/angel/kernel.s                   0x00000000   Number         0  __rtentry2.o ABSOLUTE
    ../clib/angel/kernel.s                   0x00000000   Number         0  __rtentry.o ABSOLUTE
    ../clib/angel/rt.s                       0x00000000   Number         0  rt_raise.o ABSOLUTE
    ../clib/angel/scatter.s                  0x00000000   Number         0  __scatter.o ABSOLUTE
    ../clib/angel/startup.s                  0x00000000   Number         0  __main.o ABSOLUTE
    ../clib/angel/sys.s                      0x00000000   Number         0  use_no_semi.o ABSOLUTE
    ../clib/angel/sys.s                      0x00000000   Number         0  indicate_semi.o ABSOLUTE
    ../clib/angel/sys.s                      0x00000000   Number         0  sys_stackheap_outer.o ABSOLUTE
    ../clib/angel/sys.s                      0x00000000   Number         0  libspace.o ABSOLUTE
    ../clib/angel/sysapp.c                   0x00000000   Number         0  sys_wrch.o ABSOLUTE
    ../clib/angel/sysapp.c                   0x00000000   Number         0  sys_command.o ABSOLUTE
    ../clib/angel/sysapp.c                   0x00000000   Number         0  sys_exit.o ABSOLUTE
    ../clib/armsys.c                         0x00000000   Number         0  argv_veneer.o ABSOLUTE
    ../clib/armsys.c                         0x00000000   Number         0  argv_veneer.o ABSOLUTE
    ../clib/armsys.c                         0x00000000   Number         0  no_argv.o ABSOLUTE
    ../clib/armsys.c                         0x00000000   Number         0  _get_argv_nomalloc.o ABSOLUTE
    ../clib/heapalloc.c                      0x00000000   Number         0  hrguard.o ABSOLUTE
    ../clib/heapaux.c                        0x00000000   Number         0  heapauxi.o ABSOLUTE
    ../clib/libinit.s                        0x00000000   Number         0  libshutdown2.o ABSOLUTE
    ../clib/libinit.s                        0x00000000   Number         0  libinit.o ABSOLUTE
    ../clib/libinit.s                        0x00000000   Number         0  libinit2.o ABSOLUTE
    ../clib/libinit.s                        0x00000000   Number         0  libshutdown.o ABSOLUTE
    ../clib/memcpset.s                       0x00000000   Number         0  rt_memclr_w.o ABSOLUTE
    ../clib/misc.s                           0x00000000   Number         0  printf_stubs.o ABSOLUTE
    ../clib/printf.c                         0x00000000   Number         0  __printf_ss.o ABSOLUTE
    ../clib/printf.c                         0x00000000   Number         0  __printf_flags.o ABSOLUTE
    ../clib/printf.c                         0x00000000   Number         0  _printf_dec.o ABSOLUTE
    ../clib/printf.c                         0x00000000   Number         0  _printf_pad.o ABSOLUTE
    ../clib/printf.c                         0x00000000   Number         0  __printf.o ABSOLUTE
    ../clib/printf.c                         0x00000000   Number         0  noretval__2sprintf.o ABSOLUTE
    ../clib/printf.c                         0x00000000   Number         0  __2sprintf.o ABSOLUTE
    ../clib/printf.c                         0x00000000   Number         0  __printf_flags_ss.o ABSOLUTE
    ../clib/printf.c                         0x00000000   Number         0  _sputc.o ABSOLUTE
    ../clib/printf.c                         0x00000000   Number         0  _printf_char_common.o ABSOLUTE
    ../clib/printf.c                         0x00000000   Number         0  __printf_nopercent.o ABSOLUTE
    ../clib/printf.c                         0x00000000   Number         0  _printf_intcommon.o ABSOLUTE
    ../clib/printf.c                         0x00000000   Number         0  __printf_flags_ss_wp.o ABSOLUTE
    ../clib/printf.c                         0x00000000   Number         0  __printf_ss_wp.o ABSOLUTE
    ../clib/printf.c                         0x00000000   Number         0  __printf_flags_wp.o ABSOLUTE
    ../clib/printf.c                         0x00000000   Number         0  __printf_wp.o ABSOLUTE
    ../clib/printf_percent.s                 0x00000000   Number         0  _printf_percent.o ABSOLUTE
    ../clib/printf_percent.s                 0x00000000   Number         0  _printf_percent_end.o ABSOLUTE
    ../clib/printf_percent.s                 0x00000000   Number         0  _printf_d.o ABSOLUTE
    ../clib/signal.c                         0x00000000   Number         0  defsig_stak_inner.o ABSOLUTE
    ../clib/signal.c                         0x00000000   Number         0  defsig_rtred_inner.o ABSOLUTE
    ../clib/signal.c                         0x00000000   Number         0  defsig_fpe_inner.o ABSOLUTE
    ../clib/signal.c                         0x00000000   Number         0  defsig_abrt_inner.o ABSOLUTE
    ../clib/signal.c                         0x00000000   Number         0  defsig_general.o ABSOLUTE
    ../clib/signal.c                         0x00000000   Number         0  __raise.o ABSOLUTE
    ../clib/signal.c                         0x00000000   Number         0  defsig_rtmem_inner.o ABSOLUTE
    ../clib/signal.c                         0x00000000   Number         0  defsig_exit.o ABSOLUTE
    ../clib/signal.c                         0x00000000   Number         0  defsig_rtmem_outer.o ABSOLUTE
    ../clib/signal.c                         0x00000000   Number         0  defsig_rtmem_formal.o ABSOLUTE
    ../clib/signal.c                         0x00000000   Number         0  defsig_other.o ABSOLUTE
    ../clib/signal.c                         0x00000000   Number         0  defsig_segv_inner.o ABSOLUTE
    ../clib/signal.c                         0x00000000   Number         0  defsig_cppl_inner.o ABSOLUTE
    ../clib/signal.c                         0x00000000   Number         0  defsig_pvfn_inner.o ABSOLUTE
    ../clib/signal.s                         0x00000000   Number         0  defsig.o ABSOLUTE
    ../clib/stdlib.c                         0x00000000   Number         0  exit.o ABSOLUTE
    ../fplib/d2f.s                           0x00000000   Number         0  d2f.o ABSOLUTE
    ../fplib/daddsub.s                       0x00000000   Number         0  daddsub_clz.o ABSOLUTE
    ../fplib/ddiv.s                          0x00000000   Number         0  ddiv.o ABSOLUTE
    ../fplib/dflt.s                          0x00000000   Number         0  dflt_clz.o ABSOLUTE
    ../fplib/dnaninf.s                       0x00000000   Number         0  dnaninf.o ABSOLUTE
    ../fplib/dretinf.s                       0x00000000   Number         0  dretinf.o ABSOLUTE
    ../fplib/fpinit.s                        0x00000000   Number         0  fpinit.o ABSOLUTE
    ../fplib/fretinf.s                       0x00000000   Number         0  fretinf.o ABSOLUTE
    ../fplib/usenofp.s                       0x00000000   Number         0  usenofp.o ABSOLUTE
    CMSIS\\system_stm32f4xx.c                0x00000000   Number         0  system_stm32f4xx.o ABSOLUTE
    CMSIS\startup_stm32f40_41xxx.s           0x00000000   Number         0  startup_stm32f40_41xxx.o ABSOLUTE
    CMSIS\system_stm32f4xx.c                 0x00000000   Number         0  system_stm32f4xx.o ABSOLUTE
    USER\\src\\delay.c                       0x00000000   Number         0  delay.o ABSOLUTE
    USER\\src\\exti.c                        0x00000000   Number         0  exti.o ABSOLUTE
    USER\\src\\hp6.c                         0x00000000   Number         0  hp6.o ABSOLUTE
    USER\\src\\iic.c                         0x00000000   Number         0  iic.o ABSOLUTE
    USER\\src\\key.c                         0x00000000   Number         0  key.o ABSOLUTE
    USER\\src\\led.c                         0x00000000   Number         0  led.o ABSOLUTE
    USER\\src\\main.c                        0x00000000   Number         0  main.o ABSOLUTE
    USER\\src\\mpu6050.c                     0x00000000   Number         0  mpu6050.o ABSOLUTE
    USER\\src\\oled.c                        0x00000000   Number         0  oled.o ABSOLUTE
    USER\\src\\rtc.c                         0x00000000   Number         0  rtc.o ABSOLUTE
    USER\\src\\sht20.c                       0x00000000   Number         0  sht20.o ABSOLUTE
    USER\\src\\spi.c                         0x00000000   Number         0  spi.o ABSOLUTE
    USER\\src\\timer.c                       0x00000000   Number         0  timer.o ABSOLUTE
    USER\\src\\uart.c                        0x00000000   Number         0  uart.o ABSOLUTE
    USER\src\delay.c                         0x00000000   Number         0  delay.o ABSOLUTE
    USER\src\exti.c                          0x00000000   Number         0  exti.o ABSOLUTE
    USER\src\hp6.c                           0x00000000   Number         0  hp6.o ABSOLUTE
    USER\src\iic.c                           0x00000000   Number         0  iic.o ABSOLUTE
    USER\src\key.c                           0x00000000   Number         0  key.o ABSOLUTE
    USER\src\led.c                           0x00000000   Number         0  led.o ABSOLUTE
    USER\src\main.c                          0x00000000   Number         0  main.o ABSOLUTE
    USER\src\mpu6050.c                       0x00000000   Number         0  mpu6050.o ABSOLUTE
    USER\src\oled.c                          0x00000000   Number         0  oled.o ABSOLUTE
    USER\src\rtc.c                           0x00000000   Number         0  rtc.o ABSOLUTE
    USER\src\sht20.c                         0x00000000   Number         0  sht20.o ABSOLUTE
    USER\src\spi.c                           0x00000000   Number         0  spi.o ABSOLUTE
    USER\src\timer.c                         0x00000000   Number         0  timer.o ABSOLUTE
    USER\src\uart.c                          0x00000000   Number         0  uart.o ABSOLUTE
    dc.s                                     0x00000000   Number         0  dc.o ABSOLUTE
    RESET                                    0x08000000   Section      392  startup_stm32f40_41xxx.o(RESET)
    !!!main                                  0x08000188   Section        8  __main.o(!!!main)
    !!!scatter                               0x08000190   Section       52  __scatter.o(!!!scatter)
    !!dclz77c                                0x080001c4   Section      100  __dclz77c.o(!!dclz77c)
    !!handler_zi                             0x08000228   Section       28  __scatter_zi.o(!!handler_zi)
    .ARM.Collect$$_printf_percent$$00000000  0x08000244   Section        0  _printf_percent.o(.ARM.Collect$$_printf_percent$$00000000)
    .ARM.Collect$$_printf_percent$$00000009  0x08000244   Section        6  _printf_d.o(.ARM.Collect$$_printf_percent$$00000009)
    .ARM.Collect$$_printf_percent$$00000017  0x0800024a   Section        4  _printf_percent_end.o(.ARM.Collect$$_printf_percent$$00000017)
    .ARM.Collect$$libinit$$00000000          0x0800024e   Section        2  libinit.o(.ARM.Collect$$libinit$$00000000)
    .ARM.Collect$$libinit$$00000001          0x08000250   Section        4  libinit2.o(.ARM.Collect$$libinit$$00000001)
    .ARM.Collect$$libinit$$00000004          0x08000254   Section        0  libinit2.o(.ARM.Collect$$libinit$$00000004)
    .ARM.Collect$$libinit$$0000000A          0x08000254   Section        0  libinit2.o(.ARM.Collect$$libinit$$0000000A)
    .ARM.Collect$$libinit$$0000000C          0x08000254   Section        0  libinit2.o(.ARM.Collect$$libinit$$0000000C)
    .ARM.Collect$$libinit$$0000000E          0x08000254   Section        0  libinit2.o(.ARM.Collect$$libinit$$0000000E)
    .ARM.Collect$$libinit$$00000011          0x08000254   Section        0  libinit2.o(.ARM.Collect$$libinit$$00000011)
    .ARM.Collect$$libinit$$00000013          0x08000254   Section        0  libinit2.o(.ARM.Collect$$libinit$$00000013)
    .ARM.Collect$$libinit$$00000015          0x08000254   Section        0  libinit2.o(.ARM.Collect$$libinit$$00000015)
    .ARM.Collect$$libinit$$00000017          0x08000254   Section        0  libinit2.o(.ARM.Collect$$libinit$$00000017)
    .ARM.Collect$$libinit$$00000019          0x08000254   Section        0  libinit2.o(.ARM.Collect$$libinit$$00000019)
    .ARM.Collect$$libinit$$0000001B          0x08000254   Section        0  libinit2.o(.ARM.Collect$$libinit$$0000001B)
    .ARM.Collect$$libinit$$0000001D          0x08000254   Section        0  libinit2.o(.ARM.Collect$$libinit$$0000001D)
    .ARM.Collect$$libinit$$0000001F          0x08000254   Section        0  libinit2.o(.ARM.Collect$$libinit$$0000001F)
    .ARM.Collect$$libinit$$00000021          0x08000254   Section        0  libinit2.o(.ARM.Collect$$libinit$$00000021)
    .ARM.Collect$$libinit$$00000023          0x08000254   Section        0  libinit2.o(.ARM.Collect$$libinit$$00000023)
    .ARM.Collect$$libinit$$00000025          0x08000254   Section        0  libinit2.o(.ARM.Collect$$libinit$$00000025)
    .ARM.Collect$$libinit$$0000002C          0x08000254   Section        0  libinit2.o(.ARM.Collect$$libinit$$0000002C)
    .ARM.Collect$$libinit$$0000002E          0x08000254   Section        0  libinit2.o(.ARM.Collect$$libinit$$0000002E)
    .ARM.Collect$$libinit$$00000030          0x08000254   Section        0  libinit2.o(.ARM.Collect$$libinit$$00000030)
    .ARM.Collect$$libinit$$00000032          0x08000254   Section        0  libinit2.o(.ARM.Collect$$libinit$$00000032)
    .ARM.Collect$$libinit$$00000033          0x08000254   Section        2  libinit2.o(.ARM.Collect$$libinit$$00000033)
    .ARM.Collect$$libshutdown$$00000000      0x08000256   Section        2  libshutdown.o(.ARM.Collect$$libshutdown$$00000000)
    .ARM.Collect$$libshutdown$$00000002      0x08000258   Section        0  libshutdown2.o(.ARM.Collect$$libshutdown$$00000002)
    .ARM.Collect$$libshutdown$$00000004      0x08000258   Section        0  libshutdown2.o(.ARM.Collect$$libshutdown$$00000004)
    .ARM.Collect$$libshutdown$$00000007      0x08000258   Section        0  libshutdown2.o(.ARM.Collect$$libshutdown$$00000007)
    .ARM.Collect$$libshutdown$$0000000A      0x08000258   Section        0  libshutdown2.o(.ARM.Collect$$libshutdown$$0000000A)
    .ARM.Collect$$libshutdown$$0000000C      0x08000258   Section        0  libshutdown2.o(.ARM.Collect$$libshutdown$$0000000C)
    .ARM.Collect$$libshutdown$$0000000F      0x08000258   Section        0  libshutdown2.o(.ARM.Collect$$libshutdown$$0000000F)
    .ARM.Collect$$libshutdown$$00000010      0x08000258   Section        2  libshutdown2.o(.ARM.Collect$$libshutdown$$00000010)
    .ARM.Collect$$rtentry$$00000000          0x0800025a   Section        0  __rtentry.o(.ARM.Collect$$rtentry$$00000000)
    .ARM.Collect$$rtentry$$00000002          0x0800025a   Section        0  __rtentry2.o(.ARM.Collect$$rtentry$$00000002)
    .ARM.Collect$$rtentry$$00000004          0x0800025a   Section        6  __rtentry4.o(.ARM.Collect$$rtentry$$00000004)
    .ARM.Collect$$rtentry$$00000009          0x08000260   Section        0  __rtentry2.o(.ARM.Collect$$rtentry$$00000009)
    .ARM.Collect$$rtentry$$0000000A          0x08000260   Section        4  __rtentry2.o(.ARM.Collect$$rtentry$$0000000A)
    .ARM.Collect$$rtentry$$0000000C          0x08000264   Section        0  __rtentry2.o(.ARM.Collect$$rtentry$$0000000C)
    .ARM.Collect$$rtentry$$0000000D          0x08000264   Section        8  __rtentry2.o(.ARM.Collect$$rtentry$$0000000D)
    .ARM.Collect$$rtexit$$00000000           0x0800026c   Section        2  rtexit.o(.ARM.Collect$$rtexit$$00000000)
    .ARM.Collect$$rtexit$$00000002           0x0800026e   Section        0  rtexit2.o(.ARM.Collect$$rtexit$$00000002)
    .ARM.Collect$$rtexit$$00000003           0x0800026e   Section        4  rtexit2.o(.ARM.Collect$$rtexit$$00000003)
    .ARM.Collect$$rtexit$$00000004           0x08000272   Section        6  rtexit2.o(.ARM.Collect$$rtexit$$00000004)
    .text                                    0x08000278   Section       64  startup_stm32f40_41xxx.o(.text)
    $v0                                      0x08000278   Number         0  startup_stm32f40_41xxx.o(.text)
    .text                                    0x080002b8   Section        0  noretval__2sprintf.o(.text)
    .text                                    0x080002e0   Section        0  _printf_pad.o(.text)
    .text                                    0x08000330   Section        0  _printf_dec.o(.text)
    .text                                    0x080003a8   Section        0  __printf_flags_wp.o(.text)
    .text                                    0x080004e0   Section       78  rt_memclr_w.o(.text)
    .text                                    0x0800052e   Section        0  heapauxi.o(.text)
    .text                                    0x08000534   Section        0  _printf_intcommon.o(.text)
    .text                                    0x080005e8   Section        0  _printf_char_common.o(.text)
    _printf_input_char                       0x080005e9   Thumb Code    10  _printf_char_common.o(.text)
    .text                                    0x08000618   Section        0  _sputc.o(.text)
    .text                                    0x08000622   Section       74  sys_stackheap_outer.o(.text)
    .text                                    0x0800066c   Section        0  exit.o(.text)
    .text                                    0x08000680   Section        8  libspace.o(.text)
    .text                                    0x08000688   Section        0  sys_exit.o(.text)
    .text                                    0x08000694   Section        2  use_no_semi.o(.text)
    .text                                    0x08000696   Section        0  indicate_semi.o(.text)
    i.Crc16                                  0x08000698   Section        0  hp6.o(i.Crc16)
    i.EXTI0_IRQHandler                       0x080006c8   Section        0  exti.o(i.EXTI0_IRQHandler)
    i.HP_6_CloseBp                           0x080006f8   Section        0  hp6.o(i.HP_6_CloseBp)
    i.HP_6_CloseRate                         0x08000724   Section        0  hp6.o(i.HP_6_CloseRate)
    i.HP_6_GetBpResult                       0x08000750   Section        0  hp6.o(i.HP_6_GetBpResult)
    i.HP_6_GetRateResult                     0x0800077c   Section        0  hp6.o(i.HP_6_GetRateResult)
    i.HP_6_GetResultData                     0x080007a8   Section        0  hp6.o(i.HP_6_GetResultData)
    i.HP_6_OpenBp                            0x080007cc   Section        0  hp6.o(i.HP_6_OpenBp)
    i.HP_6_OpenRate                          0x080007f8   Section        0  hp6.o(i.HP_6_OpenRate)
    i.HP_6_SendCmd                           0x08000824   Section        0  hp6.o(i.HP_6_SendCmd)
    i.Hp_6_I2CRead                           0x0800086a   Section        0  hp6.o(i.Hp_6_I2CRead)
    i.Hp_6_I2CWrite                          0x080008ae   Section        0  hp6.o(i.Hp_6_I2CWrite)
    i.Hp_6_init                              0x080008e8   Section        0  hp6.o(i.Hp_6_init)
    i.IIC_ack                                0x08000948   Section        0  iic.o(i.IIC_ack)
    i.IIC_init                               0x080009b8   Section        0  iic.o(i.IIC_init)
    i.IIC_nAck                               0x08000a6c   Section        0  iic.o(i.IIC_nAck)
    i.IIC_readByte                           0x08000adc   Section        0  iic.o(i.IIC_readByte)
    i.IIC_sendByte                           0x08000b6c   Section        0  iic.o(i.IIC_sendByte)
    i.IIC_start                              0x08000bf0   Section        0  iic.o(i.IIC_start)
    i.IIC_stop                               0x08000c28   Section        0  iic.o(i.IIC_stop)
    i.IIC_waitAck                            0x08000c74   Section        0  iic.o(i.IIC_waitAck)
    i.MPU_Get_Accelerometer                  0x08000cdc   Section        0  mpu6050.o(i.MPU_Get_Accelerometer)
    i.MPU_Init                               0x08000d2c   Section        0  mpu6050.o(i.MPU_Init)
    i.MPU_Read_Byte                          0x08000d9c   Section        0  mpu6050.o(i.MPU_Read_Byte)
    i.MPU_Read_Len                           0x08000dd6   Section        0  mpu6050.o(i.MPU_Read_Len)
    i.MPU_Set_Accel_Fsr                      0x08000e4a   Section        0  mpu6050.o(i.MPU_Set_Accel_Fsr)
    i.MPU_Set_LPF                            0x08000e5a   Section        0  mpu6050.o(i.MPU_Set_LPF)
    i.MPU_Set_Rate                           0x08000e94   Section        0  mpu6050.o(i.MPU_Set_Rate)
    i.MPU_Write_Byte                         0x08000ece   Section        0  mpu6050.o(i.MPU_Write_Byte)
    i.OLED_clear                             0x08000f12   Section        0  oled.o(i.OLED_clear)
    i.OLED_deSelect                          0x08000f54   Section        0  oled.o(i.OLED_deSelect)
    i.OLED_drawBMP                           0x08000f60   Section        0  oled.o(i.OLED_drawBMP)
    i.OLED_pinInit                           0x08000fac   Section        0  oled.o(i.OLED_pinInit)
    i.OLED_pow                               0x0800106c   Section        0  oled.o(i.OLED_pow)
    i.OLED_reset                             0x08001084   Section        0  oled.o(i.OLED_reset)
    i.OLED_select                            0x080010a8   Section        0  oled.o(i.OLED_select)
    i.OLED_setPos                            0x080010b4   Section        0  oled.o(i.OLED_setPos)
    i.OLED_showCHinese                       0x080010e8   Section        0  oled.o(i.OLED_showCHinese)
    i.OLED_showChar                          0x08001158   Section        0  oled.o(i.OLED_showChar)
    i.OLED_showNum                           0x08001280   Section        0  oled.o(i.OLED_showNum)
    i.OLED_showString                        0x08001308   Section        0  oled.o(i.OLED_showString)
    i.OLED_writeByte                         0x08001350   Section        0  oled.o(i.OLED_writeByte)
    i.Oled_init                              0x08001380   Section        0  oled.o(i.Oled_init)
    i.RTC_Alarm_IRQHandler                   0x08001484   Section        0  rtc.o(i.RTC_Alarm_IRQHandler)
    i.RTC_BCD2DEC                            0x080014b0   Section        0  rtc.o(i.RTC_BCD2DEC)
    i.RTC_DEC2BCD                            0x080014c6   Section        0  rtc.o(i.RTC_DEC2BCD)
    i.RTC_getDate                            0x080014e4   Section        0  rtc.o(i.RTC_getDate)
    i.RTC_getDateAndTime                     0x08001528   Section        0  rtc.o(i.RTC_getDateAndTime)
    i.RTC_getTime                            0x08001584   Section        0  rtc.o(i.RTC_getTime)
    i.RTC_init                               0x080015c8   Section        0  rtc.o(i.RTC_init)
    i.RTC_initMode                           0x08001690   Section        0  rtc.o(i.RTC_initMode)
    i.RTC_setDate                            0x080016c0   Section        0  rtc.o(i.RTC_setDate)
    i.RTC_setDateAndTime                     0x08001724   Section        0  rtc.o(i.RTC_setDateAndTime)
    i.RTC_setTime                            0x08001744   Section        0  rtc.o(i.RTC_setTime)
    i.RTC_waitSynchro                        0x080017a8   Section        0  rtc.o(i.RTC_waitSynchro)
    i.SHT20_Init                             0x080017e0   Section        0  sht20.o(i.SHT20_Init)
    i.SHT20_readOneByte                      0x080017e8   Section        0  sht20.o(i.SHT20_readOneByte)
    SHT20_readOneByte                        0x080017e9   Thumb Code    16  sht20.o(i.SHT20_readOneByte)
    i.SHT20_readTemAndHum                    0x080017f8   Section        0  sht20.o(i.SHT20_readTemAndHum)
    i.SHT20_readTemOrHum                     0x08001818   Section        0  sht20.o(i.SHT20_readTemOrHum)
    i.SHT20_setResolution                    0x080018e4   Section        0  sht20.o(i.SHT20_setResolution)
    SHT20_setResolution                      0x080018e5   Thumb Code    34  sht20.o(i.SHT20_setResolution)
    i.SHT20_softReset                        0x08001906   Section        0  sht20.o(i.SHT20_softReset)
    SHT20_softReset                          0x08001907   Thumb Code    24  sht20.o(i.SHT20_softReset)
    i.SHT20_writeOneByte                     0x0800191e   Section        0  sht20.o(i.SHT20_writeOneByte)
    SHT20_writeOneByte                       0x0800191f   Thumb Code    20  sht20.o(i.SHT20_writeOneByte)
    i.SetSysClock                            0x08001934   Section        0  system_stm32f4xx.o(i.SetSysClock)
    SetSysClock                              0x08001935   Thumb Code   138  system_stm32f4xx.o(i.SetSysClock)
    i.Spi1_RevSendByte                       0x080019d0   Section        0  spi.o(i.Spi1_RevSendByte)
    i.Spi1_init                              0x08001a00   Section        0  spi.o(i.Spi1_init)
    i.SystemInit                             0x08001aa4   Section        0  system_stm32f4xx.o(i.SystemInit)
    i.TIM3_IRQHandler                        0x08001b0c   Section        0  timer.o(i.TIM3_IRQHandler)
    i.USART1_IRQHandler                      0x08001b38   Section        0  uart.o(i.USART1_IRQHandler)
    i.Uart1_sendData                         0x08001b8c   Section        0  uart.o(i.Uart1_sendData)
    i._is_digit                              0x08001ba8   Section        0  __printf_wp.o(i._is_digit)
    i.bp_page                                0x08001bb8   Section        0  main.o(i.bp_page)
    i.clock_page                             0x08001cd0   Section        0  main.o(i.clock_page)
    i.delay_init                             0x08001dd8   Section        0  delay.o(i.delay_init)
    i.delay_ms                               0x08001e18   Section        0  delay.o(i.delay_ms)
    i.delay_us                               0x08001e50   Section        0  delay.o(i.delay_us)
    i.delay_xms                              0x08001e8c   Section        0  delay.o(i.delay_xms)
    i.key_init                               0x08001ec8   Section        0  key.o(i.key_init)
    i.key_scan                               0x08001ef4   Section        0  key.o(i.key_scan)
    i.led_init                               0x08001f58   Section        0  led.o(i.led_init)
    i.main                                   0x08001fac   Section        0  main.o(i.main)
    i.pulse_page                             0x08002044   Section        0  main.o(i.pulse_page)
    i.send_byte                              0x08002140   Section        0  uart.o(i.send_byte)
    i.show_page                              0x08002158   Section        0  main.o(i.show_page)
    i.show_page2                             0x080021c0   Section        0  main.o(i.show_page2)
    i.step_page                              0x080022bc   Section        0  main.o(i.step_page)
    i.time_page                              0x080024a0   Section        0  main.o(i.time_page)
    x$fpl$fpinit                             0x08002630   Section       10  fpinit.o(x$fpl$fpinit)
    $v0                                      0x08002630   Number         0  fpinit.o(x$fpl$fpinit)
    .constdata                               0x0800263a   Section     3706  main.o(.constdata)
    .constdata                               0x080034b4   Section     3368  oled.o(.constdata)
    .constdata                               0x080041dc   Section      728  hp6.o(.constdata)
    .constdata                               0x080044b4   Section        8  rtc.o(.constdata)
    .constdata                               0x080044bc   Section       17  __printf_flags_wp.o(.constdata)
    maptable                                 0x080044bc   Data          17  __printf_flags_wp.o(.constdata)
    .data                                    0x20000000   Section        1  main.o(.data)
    .data                                    0x20000001   Section        1  key.o(.data)
    key_sta                                  0x20000001   Data           1  key.o(.data)
    .data                                    0x20000002   Section        4  delay.o(.data)
    fac_us                                   0x20000002   Data           1  delay.o(.data)
    fac_ms                                   0x20000004   Data           2  delay.o(.data)
    .data                                    0x20000006   Section        2  uart.o(.data)
    cnt                                      0x20000007   Data           1  uart.o(.data)
    .data                                    0x20000008   Section     3200  oled.o(.data)
    .data                                    0x20000c88   Section        8  sht20.o(.data)
    .data                                    0x20000c90   Section        8  rtc.o(.data)
    .bss                                     0x20000c98   Section       20  uart.o(.bss)
    .bss                                     0x20000cac   Section       48  hp6.o(.bss)
    tx_buf                                   0x20000cac   Data          24  hp6.o(.bss)
    rx_buf                                   0x20000cc4   Data          24  hp6.o(.bss)
    .bss                                     0x20000cdc   Section       96  libspace.o(.bss)
    HEAP                                     0x20000d40   Section      512  startup_stm32f40_41xxx.o(HEAP)
    Heap_Mem                                 0x20000d40   Data         512  startup_stm32f40_41xxx.o(HEAP)
    STACK                                    0x20000f40   Section     1024  startup_stm32f40_41xxx.o(STACK)
    Stack_Mem                                0x20000f40   Data        1024  startup_stm32f40_41xxx.o(STACK)
    __initial_sp                             0x20001340   Data           0  startup_stm32f40_41xxx.o(STACK)

    Global Symbols

    Symbol Name                              Value     Ov Type        Size  Object(Section)

    BuildAttributes$$THM_ISAv4$E$P$D$K$B$S$7EM$VFPi3$EXTD16$VFPS$VFMA$PE$A:L22UL41UL21$X:L11$S22US41US21$IEEE1$IW$USESV6$~STKCKD$USESV7$~SHL$OSPACE$ROPI$EBA8$UX$STANDARDLIB$REQ8$PRES8$EABIv2 0x00000000   Number         0  anon$$obj.o ABSOLUTE
    __ARM_use_no_argv                        0x00000000   Number         0  main.o ABSOLUTE
    _printf_flags                            0x00000000   Number         0  printf_stubs.o ABSOLUTE
    _printf_return_value                     0x00000000   Number         0  printf_stubs.o ABSOLUTE
    _printf_sizespec                         0x00000000   Number         0  printf_stubs.o ABSOLUTE
    _printf_widthprec                        0x00000000   Number         0  printf_stubs.o ABSOLUTE
    __ARM_exceptions_init                     - Undefined Weak Reference
    __alloca_initialize                       - Undefined Weak Reference
    __arm_preinit_                            - Undefined Weak Reference
    __cpp_initialize__aeabi_                  - Undefined Weak Reference
    __cxa_finalize                            - Undefined Weak Reference
    __rt_locale                               - Undefined Weak Reference
    __sigvec_lookup                           - Undefined Weak Reference
    _atexit_init                              - Undefined Weak Reference
    _call_atexit_fns                          - Undefined Weak Reference
    _clock_init                               - Undefined Weak Reference
    _fp_trap_init                             - Undefined Weak Reference
    _fp_trap_shutdown                         - Undefined Weak Reference
    _get_lc_collate                           - Undefined Weak Reference
    _get_lc_ctype                             - Undefined Weak Reference
    _get_lc_monetary                          - Undefined Weak Reference
    _get_lc_numeric                           - Undefined Weak Reference
    _get_lc_time                              - Undefined Weak Reference
    _getenv_init                              - Undefined Weak Reference
    _handle_redirection                       - Undefined Weak Reference
    _init_alloc                               - Undefined Weak Reference
    _init_user_alloc                          - Undefined Weak Reference
    _initio                                   - Undefined Weak Reference
    _printf_truncate_signed                   - Undefined Weak Reference
    _printf_truncate_unsigned                 - Undefined Weak Reference
    _rand_init                                - Undefined Weak Reference
    _signal_finish                            - Undefined Weak Reference
    _signal_init                              - Undefined Weak Reference
    _terminate_alloc                          - Undefined Weak Reference
    _terminate_user_alloc                     - Undefined Weak Reference
    _terminateio                              - Undefined Weak Reference
    __Vectors_Size                           0x00000188   Number         0  startup_stm32f40_41xxx.o ABSOLUTE
    __Vectors                                0x08000000   Data           4  startup_stm32f40_41xxx.o(RESET)
    __Vectors_End                            0x08000188   Data           0  startup_stm32f40_41xxx.o(RESET)
    __main                                   0x08000189   Thumb Code     8  __main.o(!!!main)
    __scatterload                            0x08000191   Thumb Code     0  __scatter.o(!!!scatter)
    __scatterload_rt2                        0x08000191   Thumb Code    44  __scatter.o(!!!scatter)
    __scatterload_rt2_thumb_only             0x08000191   Thumb Code     0  __scatter.o(!!!scatter)
    __scatterload_null                       0x0800019f   Thumb Code     0  __scatter.o(!!!scatter)
    __decompress                             0x080001c5   Thumb Code   100  __dclz77c.o(!!dclz77c)
    __decompress2                            0x080001c5   Thumb Code     0  __dclz77c.o(!!dclz77c)
    __scatterload_zeroinit                   0x08000229   Thumb Code    28  __scatter_zi.o(!!handler_zi)
    _printf_d                                0x08000245   Thumb Code     0  _printf_d.o(.ARM.Collect$$_printf_percent$$00000009)
    _printf_percent                          0x08000245   Thumb Code     0  _printf_percent.o(.ARM.Collect$$_printf_percent$$00000000)
    _printf_percent_end                      0x0800024b   Thumb Code     0  _printf_percent_end.o(.ARM.Collect$$_printf_percent$$00000017)
    __rt_lib_init                            0x0800024f   Thumb Code     0  libinit.o(.ARM.Collect$$libinit$$00000000)
    __rt_lib_init_fp_1                       0x08000251   Thumb Code     0  libinit2.o(.ARM.Collect$$libinit$$00000001)
    __rt_lib_init_alloca_1                   0x08000255   Thumb Code     0  libinit2.o(.ARM.Collect$$libinit$$0000002E)
    __rt_lib_init_argv_1                     0x08000255   Thumb Code     0  libinit2.o(.ARM.Collect$$libinit$$0000002C)
    __rt_lib_init_atexit_1                   0x08000255   Thumb Code     0  libinit2.o(.ARM.Collect$$libinit$$0000001B)
    __rt_lib_init_clock_1                    0x08000255   Thumb Code     0  libinit2.o(.ARM.Collect$$libinit$$00000021)
    __rt_lib_init_cpp_1                      0x08000255   Thumb Code     0  libinit2.o(.ARM.Collect$$libinit$$00000032)
    __rt_lib_init_exceptions_1               0x08000255   Thumb Code     0  libinit2.o(.ARM.Collect$$libinit$$00000030)
    __rt_lib_init_fp_trap_1                  0x08000255   Thumb Code     0  libinit2.o(.ARM.Collect$$libinit$$0000001F)
    __rt_lib_init_getenv_1                   0x08000255   Thumb Code     0  libinit2.o(.ARM.Collect$$libinit$$00000023)
    __rt_lib_init_heap_1                     0x08000255   Thumb Code     0  libinit2.o(.ARM.Collect$$libinit$$0000000A)
    __rt_lib_init_lc_collate_1               0x08000255   Thumb Code     0  libinit2.o(.ARM.Collect$$libinit$$00000011)
    __rt_lib_init_lc_ctype_1                 0x08000255   Thumb Code     0  libinit2.o(.ARM.Collect$$libinit$$00000013)
    __rt_lib_init_lc_monetary_1              0x08000255   Thumb Code     0  libinit2.o(.ARM.Collect$$libinit$$00000015)
    __rt_lib_init_lc_numeric_1               0x08000255   Thumb Code     0  libinit2.o(.ARM.Collect$$libinit$$00000017)
    __rt_lib_init_lc_time_1                  0x08000255   Thumb Code     0  libinit2.o(.ARM.Collect$$libinit$$00000019)
    __rt_lib_init_preinit_1                  0x08000255   Thumb Code     0  libinit2.o(.ARM.Collect$$libinit$$00000004)
    __rt_lib_init_rand_1                     0x08000255   Thumb Code     0  libinit2.o(.ARM.Collect$$libinit$$0000000E)
    __rt_lib_init_return                     0x08000255   Thumb Code     0  libinit2.o(.ARM.Collect$$libinit$$00000033)
    __rt_lib_init_signal_1                   0x08000255   Thumb Code     0  libinit2.o(.ARM.Collect$$libinit$$0000001D)
    __rt_lib_init_stdio_1                    0x08000255   Thumb Code     0  libinit2.o(.ARM.Collect$$libinit$$00000025)
    __rt_lib_init_user_alloc_1               0x08000255   Thumb Code     0  libinit2.o(.ARM.Collect$$libinit$$0000000C)
    __rt_lib_shutdown                        0x08000257   Thumb Code     0  libshutdown.o(.ARM.Collect$$libshutdown$$00000000)
    __rt_lib_shutdown_cpp_1                  0x08000259   Thumb Code     0  libshutdown2.o(.ARM.Collect$$libshutdown$$00000002)
    __rt_lib_shutdown_fp_trap_1              0x08000259   Thumb Code     0  libshutdown2.o(.ARM.Collect$$libshutdown$$00000007)
    __rt_lib_shutdown_heap_1                 0x08000259   Thumb Code     0  libshutdown2.o(.ARM.Collect$$libshutdown$$0000000F)
    __rt_lib_shutdown_return                 0x08000259   Thumb Code     0  libshutdown2.o(.ARM.Collect$$libshutdown$$00000010)
    __rt_lib_shutdown_signal_1               0x08000259   Thumb Code     0  libshutdown2.o(.ARM.Collect$$libshutdown$$0000000A)
    __rt_lib_shutdown_stdio_1                0x08000259   Thumb Code     0  libshutdown2.o(.ARM.Collect$$libshutdown$$00000004)
    __rt_lib_shutdown_user_alloc_1           0x08000259   Thumb Code     0  libshutdown2.o(.ARM.Collect$$libshutdown$$0000000C)
    __rt_entry                               0x0800025b   Thumb Code     0  __rtentry.o(.ARM.Collect$$rtentry$$00000000)
    __rt_entry_presh_1                       0x0800025b   Thumb Code     0  __rtentry2.o(.ARM.Collect$$rtentry$$00000002)
    __rt_entry_sh                            0x0800025b   Thumb Code     0  __rtentry4.o(.ARM.Collect$$rtentry$$00000004)
    __rt_entry_li                            0x08000261   Thumb Code     0  __rtentry2.o(.ARM.Collect$$rtentry$$0000000A)
    __rt_entry_postsh_1                      0x08000261   Thumb Code     0  __rtentry2.o(.ARM.Collect$$rtentry$$00000009)
    __rt_entry_main                          0x08000265   Thumb Code     0  __rtentry2.o(.ARM.Collect$$rtentry$$0000000D)
    __rt_entry_postli_1                      0x08000265   Thumb Code     0  __rtentry2.o(.ARM.Collect$$rtentry$$0000000C)
    __rt_exit                                0x0800026d   Thumb Code     0  rtexit.o(.ARM.Collect$$rtexit$$00000000)
    __rt_exit_ls                             0x0800026f   Thumb Code     0  rtexit2.o(.ARM.Collect$$rtexit$$00000003)
    __rt_exit_prels_1                        0x0800026f   Thumb Code     0  rtexit2.o(.ARM.Collect$$rtexit$$00000002)
    __rt_exit_exit                           0x08000273   Thumb Code     0  rtexit2.o(.ARM.Collect$$rtexit$$00000004)
    Reset_Handler                            0x08000279   Thumb Code     8  startup_stm32f40_41xxx.o(.text)
    NMI_Handler                              0x08000281   Thumb Code     2  startup_stm32f40_41xxx.o(.text)
    HardFault_Handler                        0x08000283   Thumb Code     2  startup_stm32f40_41xxx.o(.text)
    MemManage_Handler                        0x08000285   Thumb Code     2  startup_stm32f40_41xxx.o(.text)
    BusFault_Handler                         0x08000287   Thumb Code     2  startup_stm32f40_41xxx.o(.text)
    UsageFault_Handler                       0x08000289   Thumb Code     2  startup_stm32f40_41xxx.o(.text)
    SVC_Handler                              0x0800028b   Thumb Code     2  startup_stm32f40_41xxx.o(.text)
    DebugMon_Handler                         0x0800028d   Thumb Code     2  startup_stm32f40_41xxx.o(.text)
    PendSV_Handler                           0x0800028f   Thumb Code     2  startup_stm32f40_41xxx.o(.text)
    SysTick_Handler                          0x08000291   Thumb Code     2  startup_stm32f40_41xxx.o(.text)
    ADC_IRQHandler                           0x08000293   Thumb Code     0  startup_stm32f40_41xxx.o(.text)
    CAN1_RX0_IRQHandler                      0x08000293   Thumb Code     0  startup_stm32f40_41xxx.o(.text)
    CAN1_RX1_IRQHandler                      0x08000293   Thumb Code     0  startup_stm32f40_41xxx.o(.text)
    CAN1_SCE_IRQHandler                      0x08000293   Thumb Code     0  startup_stm32f40_41xxx.o(.text)
    CAN1_TX_IRQHandler                       0x08000293   Thumb Code     0  startup_stm32f40_41xxx.o(.text)
    CAN2_RX0_IRQHandler                      0x08000293   Thumb Code     0  startup_stm32f40_41xxx.o(.text)
    CAN2_RX1_IRQHandler                      0x08000293   Thumb Code     0  startup_stm32f40_41xxx.o(.text)
    CAN2_SCE_IRQHandler                      0x08000293   Thumb Code     0  startup_stm32f40_41xxx.o(.text)
    CAN2_TX_IRQHandler                       0x08000293   Thumb Code     0  startup_stm32f40_41xxx.o(.text)
    CRYP_IRQHandler                          0x08000293   Thumb Code     0  startup_stm32f40_41xxx.o(.text)
    DCMI_IRQHandler                          0x08000293   Thumb Code     0  startup_stm32f40_41xxx.o(.text)
    DMA1_Stream0_IRQHandler                  0x08000293   Thumb Code     0  startup_stm32f40_41xxx.o(.text)
    DMA1_Stream1_IRQHandler                  0x08000293   Thumb Code     0  startup_stm32f40_41xxx.o(.text)
    DMA1_Stream2_IRQHandler                  0x08000293   Thumb Code     0  startup_stm32f40_41xxx.o(.text)
    DMA1_Stream3_IRQHandler                  0x08000293   Thumb Code     0  startup_stm32f40_41xxx.o(.text)
    DMA1_Stream4_IRQHandler                  0x08000293   Thumb Code     0  startup_stm32f40_41xxx.o(.text)
    DMA1_Stream5_IRQHandler                  0x08000293   Thumb Code     0  startup_stm32f40_41xxx.o(.text)
    DMA1_Stream6_IRQHandler                  0x08000293   Thumb Code     0  startup_stm32f40_41xxx.o(.text)
    DMA1_Stream7_IRQHandler                  0x08000293   Thumb Code     0  startup_stm32f40_41xxx.o(.text)
    DMA2_Stream0_IRQHandler                  0x08000293   Thumb Code     0  startup_stm32f40_41xxx.o(.text)
    DMA2_Stream1_IRQHandler                  0x08000293   Thumb Code     0  startup_stm32f40_41xxx.o(.text)
    DMA2_Stream2_IRQHandler                  0x08000293   Thumb Code     0  startup_stm32f40_41xxx.o(.text)
    DMA2_Stream3_IRQHandler                  0x08000293   Thumb Code     0  startup_stm32f40_41xxx.o(.text)
    DMA2_Stream4_IRQHandler                  0x08000293   Thumb Code     0  startup_stm32f40_41xxx.o(.text)
    DMA2_Stream5_IRQHandler                  0x08000293   Thumb Code     0  startup_stm32f40_41xxx.o(.text)
    DMA2_Stream6_IRQHandler                  0x08000293   Thumb Code     0  startup_stm32f40_41xxx.o(.text)
    DMA2_Stream7_IRQHandler                  0x08000293   Thumb Code     0  startup_stm32f40_41xxx.o(.text)
    ETH_IRQHandler                           0x08000293   Thumb Code     0  startup_stm32f40_41xxx.o(.text)
    ETH_WKUP_IRQHandler                      0x08000293   Thumb Code     0  startup_stm32f40_41xxx.o(.text)
    EXTI15_10_IRQHandler                     0x08000293   Thumb Code     0  startup_stm32f40_41xxx.o(.text)
    EXTI1_IRQHandler                         0x08000293   Thumb Code     0  startup_stm32f40_41xxx.o(.text)
    EXTI2_IRQHandler                         0x08000293   Thumb Code     0  startup_stm32f40_41xxx.o(.text)
    EXTI3_IRQHandler                         0x08000293   Thumb Code     0  startup_stm32f40_41xxx.o(.text)
    EXTI4_IRQHandler                         0x08000293   Thumb Code     0  startup_stm32f40_41xxx.o(.text)
    EXTI9_5_IRQHandler                       0x08000293   Thumb Code     0  startup_stm32f40_41xxx.o(.text)
    FLASH_IRQHandler                         0x08000293   Thumb Code     0  startup_stm32f40_41xxx.o(.text)
    FPU_IRQHandler                           0x08000293   Thumb Code     0  startup_stm32f40_41xxx.o(.text)
    FSMC_IRQHandler                          0x08000293   Thumb Code     0  startup_stm32f40_41xxx.o(.text)
    HASH_RNG_IRQHandler                      0x08000293   Thumb Code     0  startup_stm32f40_41xxx.o(.text)
    I2C1_ER_IRQHandler                       0x08000293   Thumb Code     0  startup_stm32f40_41xxx.o(.text)
    I2C1_EV_IRQHandler                       0x08000293   Thumb Code     0  startup_stm32f40_41xxx.o(.text)
    I2C2_ER_IRQHandler                       0x08000293   Thumb Code     0  startup_stm32f40_41xxx.o(.text)
    I2C2_EV_IRQHandler                       0x08000293   Thumb Code     0  startup_stm32f40_41xxx.o(.text)
    I2C3_ER_IRQHandler                       0x08000293   Thumb Code     0  startup_stm32f40_41xxx.o(.text)
    I2C3_EV_IRQHandler                       0x08000293   Thumb Code     0  startup_stm32f40_41xxx.o(.text)
    OTG_FS_IRQHandler                        0x08000293   Thumb Code     0  startup_stm32f40_41xxx.o(.text)
    OTG_FS_WKUP_IRQHandler                   0x08000293   Thumb Code     0  startup_stm32f40_41xxx.o(.text)
    OTG_HS_EP1_IN_IRQHandler                 0x08000293   Thumb Code     0  startup_stm32f40_41xxx.o(.text)
    OTG_HS_EP1_OUT_IRQHandler                0x08000293   Thumb Code     0  startup_stm32f40_41xxx.o(.text)
    OTG_HS_IRQHandler                        0x08000293   Thumb Code     0  startup_stm32f40_41xxx.o(.text)
    OTG_HS_WKUP_IRQHandler                   0x08000293   Thumb Code     0  startup_stm32f40_41xxx.o(.text)
    PVD_IRQHandler                           0x08000293   Thumb Code     0  startup_stm32f40_41xxx.o(.text)
    RCC_IRQHandler                           0x08000293   Thumb Code     0  startup_stm32f40_41xxx.o(.text)
    RTC_WKUP_IRQHandler                      0x08000293   Thumb Code     0  startup_stm32f40_41xxx.o(.text)
    SDIO_IRQHandler                          0x08000293   Thumb Code     0  startup_stm32f40_41xxx.o(.text)
    SPI1_IRQHandler                          0x08000293   Thumb Code     0  startup_stm32f40_41xxx.o(.text)
    SPI2_IRQHandler                          0x08000293   Thumb Code     0  startup_stm32f40_41xxx.o(.text)
    SPI3_IRQHandler                          0x08000293   Thumb Code     0  startup_stm32f40_41xxx.o(.text)
    TAMP_STAMP_IRQHandler                    0x08000293   Thumb Code     0  startup_stm32f40_41xxx.o(.text)
    TIM1_BRK_TIM9_IRQHandler                 0x08000293   Thumb Code     0  startup_stm32f40_41xxx.o(.text)
    TIM1_CC_IRQHandler                       0x08000293   Thumb Code     0  startup_stm32f40_41xxx.o(.text)
    TIM1_TRG_COM_TIM11_IRQHandler            0x08000293   Thumb Code     0  startup_stm32f40_41xxx.o(.text)
    TIM1_UP_TIM10_IRQHandler                 0x08000293   Thumb Code     0  startup_stm32f40_41xxx.o(.text)
    TIM2_IRQHandler                          0x08000293   Thumb Code     0  startup_stm32f40_41xxx.o(.text)
    TIM4_IRQHandler                          0x08000293   Thumb Code     0  startup_stm32f40_41xxx.o(.text)
    TIM5_IRQHandler                          0x08000293   Thumb Code     0  startup_stm32f40_41xxx.o(.text)
    TIM6_DAC_IRQHandler                      0x08000293   Thumb Code     0  startup_stm32f40_41xxx.o(.text)
    TIM7_IRQHandler                          0x08000293   Thumb Code     0  startup_stm32f40_41xxx.o(.text)
    TIM8_BRK_TIM12_IRQHandler                0x08000293   Thumb Code     0  startup_stm32f40_41xxx.o(.text)
    TIM8_CC_IRQHandler                       0x08000293   Thumb Code     0  startup_stm32f40_41xxx.o(.text)
    TIM8_TRG_COM_TIM14_IRQHandler            0x08000293   Thumb Code     0  startup_stm32f40_41xxx.o(.text)
    TIM8_UP_TIM13_IRQHandler                 0x08000293   Thumb Code     0  startup_stm32f40_41xxx.o(.text)
    UART4_IRQHandler                         0x08000293   Thumb Code     0  startup_stm32f40_41xxx.o(.text)
    UART5_IRQHandler                         0x08000293   Thumb Code     0  startup_stm32f40_41xxx.o(.text)
    USART2_IRQHandler                        0x08000293   Thumb Code     0  startup_stm32f40_41xxx.o(.text)
    USART3_IRQHandler                        0x08000293   Thumb Code     0  startup_stm32f40_41xxx.o(.text)
    USART6_IRQHandler                        0x08000293   Thumb Code     0  startup_stm32f40_41xxx.o(.text)
    WWDG_IRQHandler                          0x08000293   Thumb Code     0  startup_stm32f40_41xxx.o(.text)
    __user_initial_stackheap                 0x08000295   Thumb Code     0  startup_stm32f40_41xxx.o(.text)
    __2sprintf                               0x080002b9   Thumb Code    34  noretval__2sprintf.o(.text)
    _printf_pre_padding                      0x080002e1   Thumb Code    44  _printf_pad.o(.text)
    _printf_post_padding                     0x0800030d   Thumb Code    34  _printf_pad.o(.text)
    _printf_int_dec                          0x08000331   Thumb Code   104  _printf_dec.o(.text)
    __printf                                 0x080003a9   Thumb Code   308  __printf_flags_wp.o(.text)
    __aeabi_memclr4                          0x080004e1   Thumb Code     0  rt_memclr_w.o(.text)
    __aeabi_memclr8                          0x080004e1   Thumb Code     0  rt_memclr_w.o(.text)
    __rt_memclr_w                            0x080004e1   Thumb Code    78  rt_memclr_w.o(.text)
    _memset_w                                0x080004e5   Thumb Code     0  rt_memclr_w.o(.text)
    __use_two_region_memory                  0x0800052f   Thumb Code     2  heapauxi.o(.text)
    __rt_heap_escrow$2region                 0x08000531   Thumb Code     2  heapauxi.o(.text)
    __rt_heap_expand$2region                 0x08000533   Thumb Code     2  heapauxi.o(.text)
    _printf_int_common                       0x08000535   Thumb Code   178  _printf_intcommon.o(.text)
    _printf_char_common                      0x080005f3   Thumb Code    32  _printf_char_common.o(.text)
    _sputc                                   0x08000619   Thumb Code    10  _sputc.o(.text)
    __user_setup_stackheap                   0x08000623   Thumb Code    74  sys_stackheap_outer.o(.text)
    exit                                     0x0800066d   Thumb Code    18  exit.o(.text)
    __user_libspace                          0x08000681   Thumb Code     8  libspace.o(.text)
    __user_perproc_libspace                  0x08000681   Thumb Code     0  libspace.o(.text)
    __user_perthread_libspace                0x08000681   Thumb Code     0  libspace.o(.text)
    _sys_exit                                0x08000689   Thumb Code     8  sys_exit.o(.text)
    __I$use$semihosting                      0x08000695   Thumb Code     0  use_no_semi.o(.text)
    __use_no_semihosting_swi                 0x08000695   Thumb Code     2  use_no_semi.o(.text)
    __semihosting_library_function           0x08000697   Thumb Code     0  indicate_semi.o(.text)
    Crc16                                    0x08000699   Thumb Code    42  hp6.o(i.Crc16)
    EXTI0_IRQHandler                         0x080006c9   Thumb Code    40  exti.o(i.EXTI0_IRQHandler)
    HP_6_CloseBp                             0x080006f9   Thumb Code    30  hp6.o(i.HP_6_CloseBp)
    HP_6_CloseRate                           0x08000725   Thumb Code    30  hp6.o(i.HP_6_CloseRate)
    HP_6_GetBpResult                         0x08000751   Thumb Code    30  hp6.o(i.HP_6_GetBpResult)
    HP_6_GetRateResult                       0x0800077d   Thumb Code    30  hp6.o(i.HP_6_GetRateResult)
    HP_6_GetResultData                       0x080007a9   Thumb Code    32  hp6.o(i.HP_6_GetResultData)
    HP_6_OpenBp                              0x080007cd   Thumb Code    30  hp6.o(i.HP_6_OpenBp)
    HP_6_OpenRate                            0x080007f9   Thumb Code    30  hp6.o(i.HP_6_OpenRate)
    HP_6_SendCmd                             0x08000825   Thumb Code    70  hp6.o(i.HP_6_SendCmd)
    Hp_6_I2CRead                             0x0800086b   Thumb Code    68  hp6.o(i.Hp_6_I2CRead)
    Hp_6_I2CWrite                            0x080008af   Thumb Code    58  hp6.o(i.Hp_6_I2CWrite)
    Hp_6_init                                0x080008e9   Thumb Code    86  hp6.o(i.Hp_6_init)
    IIC_ack                                  0x08000949   Thumb Code   106  iic.o(i.IIC_ack)
    IIC_init                                 0x080009b9   Thumb Code   170  iic.o(i.IIC_init)
    IIC_nAck                                 0x08000a6d   Thumb Code   108  iic.o(i.IIC_nAck)
    IIC_readByte                             0x08000add   Thumb Code   138  iic.o(i.IIC_readByte)
    IIC_sendByte                             0x08000b6d   Thumb Code   126  iic.o(i.IIC_sendByte)
    IIC_start                                0x08000bf1   Thumb Code    50  iic.o(i.IIC_start)
    IIC_stop                                 0x08000c29   Thumb Code    70  iic.o(i.IIC_stop)
    IIC_waitAck                              0x08000c75   Thumb Code    98  iic.o(i.IIC_waitAck)
    MPU_Get_Accelerometer                    0x08000cdd   Thumb Code    80  mpu6050.o(i.MPU_Get_Accelerometer)
    MPU_Init                                 0x08000d2d   Thumb Code   112  mpu6050.o(i.MPU_Init)
    MPU_Read_Byte                            0x08000d9d   Thumb Code    58  mpu6050.o(i.MPU_Read_Byte)
    MPU_Read_Len                             0x08000dd7   Thumb Code   116  mpu6050.o(i.MPU_Read_Len)
    MPU_Set_Accel_Fsr                        0x08000e4b   Thumb Code    16  mpu6050.o(i.MPU_Set_Accel_Fsr)
    MPU_Set_LPF                              0x08000e5b   Thumb Code    58  mpu6050.o(i.MPU_Set_LPF)
    MPU_Set_Rate                             0x08000e95   Thumb Code    58  mpu6050.o(i.MPU_Set_Rate)
    MPU_Write_Byte                           0x08000ecf   Thumb Code    68  mpu6050.o(i.MPU_Write_Byte)
    OLED_clear                               0x08000f13   Thumb Code    64  oled.o(i.OLED_clear)
    OLED_deSelect                            0x08000f55   Thumb Code     8  oled.o(i.OLED_deSelect)
    OLED_drawBMP                             0x08000f61   Thumb Code    76  oled.o(i.OLED_drawBMP)
    OLED_pinInit                             0x08000fad   Thumb Code   180  oled.o(i.OLED_pinInit)
    OLED_pow                                 0x0800106d   Thumb Code    22  oled.o(i.OLED_pow)
    OLED_reset                               0x08001085   Thumb Code    30  oled.o(i.OLED_reset)
    OLED_select                              0x080010a9   Thumb Code     8  oled.o(i.OLED_select)
    OLED_setPos                              0x080010b5   Thumb Code    50  oled.o(i.OLED_setPos)
    OLED_showCHinese                         0x080010e9   Thumb Code   108  oled.o(i.OLED_showCHinese)
    OLED_showChar                            0x08001159   Thumb Code   282  oled.o(i.OLED_showChar)
    OLED_showNum                             0x08001281   Thumb Code   136  oled.o(i.OLED_showNum)
    OLED_showString                          0x08001309   Thumb Code    72  oled.o(i.OLED_showString)
    OLED_writeByte                           0x08001351   Thumb Code    42  oled.o(i.OLED_writeByte)
    Oled_init                                0x08001381   Thumb Code   260  oled.o(i.Oled_init)
    RTC_Alarm_IRQHandler                     0x08001485   Thumb Code    36  rtc.o(i.RTC_Alarm_IRQHandler)
    RTC_BCD2DEC                              0x080014b1   Thumb Code    22  rtc.o(i.RTC_BCD2DEC)
    RTC_DEC2BCD                              0x080014c7   Thumb Code    28  rtc.o(i.RTC_DEC2BCD)
    RTC_getDate                              0x080014e5   Thumb Code    64  rtc.o(i.RTC_getDate)
    RTC_getDateAndTime                       0x08001529   Thumb Code    86  rtc.o(i.RTC_getDateAndTime)
    RTC_getTime                              0x08001585   Thumb Code    64  rtc.o(i.RTC_getTime)
    RTC_init                                 0x080015c9   Thumb Code   184  rtc.o(i.RTC_init)
    RTC_initMode                             0x08001691   Thumb Code    44  rtc.o(i.RTC_initMode)
    RTC_setDate                              0x080016c1   Thumb Code    96  rtc.o(i.RTC_setDate)
    RTC_setDateAndTime                       0x08001725   Thumb Code    30  rtc.o(i.RTC_setDateAndTime)
    RTC_setTime                              0x08001745   Thumb Code    96  rtc.o(i.RTC_setTime)
    RTC_waitSynchro                          0x080017a9   Thumb Code    52  rtc.o(i.RTC_waitSynchro)
    SHT20_Init                               0x080017e1   Thumb Code     8  sht20.o(i.SHT20_Init)
    SHT20_readTemAndHum                      0x080017f9   Thumb Code    28  sht20.o(i.SHT20_readTemAndHum)
    SHT20_readTemOrHum                       0x08001819   Thumb Code   186  sht20.o(i.SHT20_readTemOrHum)
    Spi1_RevSendByte                         0x080019d1   Thumb Code    42  spi.o(i.Spi1_RevSendByte)
    Spi1_init                                0x08001a01   Thumb Code   144  spi.o(i.Spi1_init)
    SystemInit                               0x08001aa5   Thumb Code    88  system_stm32f4xx.o(i.SystemInit)
    TIM3_IRQHandler                          0x08001b0d   Thumb Code    36  timer.o(i.TIM3_IRQHandler)
    USART1_IRQHandler                        0x08001b39   Thumb Code    66  uart.o(i.USART1_IRQHandler)
    Uart1_sendData                           0x08001b8d   Thumb Code    28  uart.o(i.Uart1_sendData)
    _is_digit                                0x08001ba9   Thumb Code    14  __printf_wp.o(i._is_digit)
    bp_page                                  0x08001bb9   Thumb Code   228  main.o(i.bp_page)
    clock_page                               0x08001cd1   Thumb Code   240  main.o(i.clock_page)
    delay_init                               0x08001dd9   Thumb Code    56  delay.o(i.delay_init)
    delay_ms                                 0x08001e19   Thumb Code    56  delay.o(i.delay_ms)
    delay_us                                 0x08001e51   Thumb Code    56  delay.o(i.delay_us)
    delay_xms                                0x08001e8d   Thumb Code    56  delay.o(i.delay_xms)
    key_init                                 0x08001ec9   Thumb Code    36  key.o(i.key_init)
    key_scan                                 0x08001ef5   Thumb Code    90  key.o(i.key_scan)
    led_init                                 0x08001f59   Thumb Code    76  led.o(i.led_init)
    main                                     0x08001fad   Thumb Code   146  main.o(i.main)
    pulse_page                               0x08002045   Thumb Code   224  main.o(i.pulse_page)
    send_byte                                0x08002141   Thumb Code    20  uart.o(i.send_byte)
    show_page                                0x08002159   Thumb Code   100  main.o(i.show_page)
    show_page2                               0x080021c1   Thumb Code   206  main.o(i.show_page2)
    step_page                                0x080022bd   Thumb Code   426  main.o(i.step_page)
    time_page                                0x080024a1   Thumb Code   316  main.o(i.time_page)
    _fp_init                                 0x08002631   Thumb Code    10  fpinit.o(x$fpl$fpinit)
    __fplib_config_fpu_vfp                   0x08002639   Thumb Code     0  fpinit.o(x$fpl$fpinit)
    __fplib_config_pureend_doubles           0x08002639   Thumb Code     0  fpinit.o(x$fpl$fpinit)
    kyz                                      0x0800263a   Data         378  main.o(.constdata)
    wsd2                                     0x080027b4   Data         378  main.o(.constdata)
    wddw                                     0x0800292e   Data          32  main.o(.constdata)
    sddw                                     0x0800294e   Data          32  main.o(.constdata)
    xltb                                     0x0800296e   Data         378  main.o(.constdata)
    xytb                                     0x08002ae8   Data         378  main.o(.constdata)
    st                                       0x08002c62   Data         378  main.o(.constdata)
    xltb_small                               0x08002ddc   Data         378  main.o(.constdata)
    wsd0                                     0x08002f56   Data         378  main.o(.constdata)
    wsd1                                     0x080030d0   Data         378  main.o(.constdata)
    IT                                       0x0800324a   Data         378  main.o(.constdata)
    Battery75                                0x080033c4   Data          48  main.o(.constdata)
    Battery50                                0x080033f4   Data          48  main.o(.constdata)
    Battery25                                0x08003424   Data          48  main.o(.constdata)
    BatteryLOW                               0x08003454   Data          48  main.o(.constdata)
    BatteryCharge                            0x08003484   Data          48  main.o(.constdata)
    F8X16                                    0x080034b4   Data        1520  oled.o(.constdata)
    F6x8                                     0x08003aa4   Data         552  oled.o(.constdata)
    F16X24                                   0x08003ccc   Data        1296  oled.o(.constdata)
    crc16_tab                                0x080041dc   Data         512  hp6.o(.constdata)
    cmd_bp_open                              0x080043dc   Data          24  hp6.o(.constdata)
    cmd_bp_close                             0x080043f4   Data          24  hp6.o(.constdata)
    cmd_bp_result                            0x0800440c   Data          24  hp6.o(.constdata)
    cmd_rate_open                            0x08004424   Data          24  hp6.o(.constdata)
    cmd_rate_close                           0x0800443c   Data          24  hp6.o(.constdata)
    cmd_rate_result                          0x08004454   Data          24  hp6.o(.constdata)
    cmd_get_adc                              0x0800446c   Data          24  hp6.o(.constdata)
    cmd_set_powersaving                      0x08004484   Data          24  hp6.o(.constdata)
    cmd_get_version                          0x0800449c   Data          24  hp6.o(.constdata)
    Region$$Table$$Base                      0x080044d0   Number         0  anon$$obj.o(Region$$Table)
    Region$$Table$$Limit                     0x080044f0   Number         0  anon$$obj.o(Region$$Table)
    page                                     0x20000000   Data           1  main.o(.data)
    uart_rx_len                              0x20000006   Data           1  uart.o(.data)
    Hzk                                      0x20000008   Data        3200  oled.o(.data)
    temp_humi_Value                          0x20000c88   Data           8  sht20.o(.data)
    dateAndTime                              0x20000c90   Data           8  rtc.o(.data)
    uart_rx_buf                              0x20000c98   Data          20  uart.o(.bss)
    __libspace_start                         0x20000cdc   Data          96  libspace.o(.bss)
    __temporary_stack_top$libspace           0x20000d3c   Data           0  libspace.o(.bss)



==============================================================================

Memory Map of the image

  Image Entry point : 0x08000189

  Load Region LR_IROM1 (Base: 0x08000000, Size: 0x00005188, Max: 0x00080000, ABSOLUTE, COMPRESSED[0x00004958])

    Execution Region ER_IROM1 (Base: 0x08000000, Size: 0x000044f0, Max: 0x00080000, ABSOLUTE)

    Base Addr    Size         Type   Attr      Idx    E Section Name        Object

    0x08000000   0x00000188   Data   RO           62    RESET               startup_stm32f40_41xxx.o
    0x08000188   0x00000008   Code   RO         1003  * !!!main             c_w.l(__main.o)
    0x08000190   0x00000034   Code   RO         1196    !!!scatter          c_w.l(__scatter.o)
    0x080001c4   0x00000064   Code   RO         1194    !!dclz77c           c_w.l(__dclz77c.o)
    0x08000228   0x0000001c   Code   RO         1198    !!handler_zi        c_w.l(__scatter_zi.o)
    0x08000244   0x00000000   Code   RO          998    .ARM.Collect$$_printf_percent$$00000000  c_w.l(_printf_percent.o)
    0x08000244   0x00000006   Code   RO          997    .ARM.Collect$$_printf_percent$$00000009  c_w.l(_printf_d.o)
    0x0800024a   0x00000004   Code   RO         1030    .ARM.Collect$$_printf_percent$$00000017  c_w.l(_printf_percent_end.o)
    0x0800024e   0x00000002   Code   RO         1064    .ARM.Collect$$libinit$$00000000  c_w.l(libinit.o)
    0x08000250   0x00000004   Code   RO         1070    .ARM.Collect$$libinit$$00000001  c_w.l(libinit2.o)
    0x08000254   0x00000000   Code   RO         1073    .ARM.Collect$$libinit$$00000004  c_w.l(libinit2.o)
    0x08000254   0x00000000   Code   RO         1076    .ARM.Collect$$libinit$$0000000A  c_w.l(libinit2.o)
    0x08000254   0x00000000   Code   RO         1078    .ARM.Collect$$libinit$$0000000C  c_w.l(libinit2.o)
    0x08000254   0x00000000   Code   RO         1080    .ARM.Collect$$libinit$$0000000E  c_w.l(libinit2.o)
    0x08000254   0x00000000   Code   RO         1083    .ARM.Collect$$libinit$$00000011  c_w.l(libinit2.o)
    0x08000254   0x00000000   Code   RO         1085    .ARM.Collect$$libinit$$00000013  c_w.l(libinit2.o)
    0x08000254   0x00000000   Code   RO         1087    .ARM.Collect$$libinit$$00000015  c_w.l(libinit2.o)
    0x08000254   0x00000000   Code   RO         1089    .ARM.Collect$$libinit$$00000017  c_w.l(libinit2.o)
    0x08000254   0x00000000   Code   RO         1091    .ARM.Collect$$libinit$$00000019  c_w.l(libinit2.o)
    0x08000254   0x00000000   Code   RO         1093    .ARM.Collect$$libinit$$0000001B  c_w.l(libinit2.o)
    0x08000254   0x00000000   Code   RO         1095    .ARM.Collect$$libinit$$0000001D  c_w.l(libinit2.o)
    0x08000254   0x00000000   Code   RO         1097    .ARM.Collect$$libinit$$0000001F  c_w.l(libinit2.o)
    0x08000254   0x00000000   Code   RO         1099    .ARM.Collect$$libinit$$00000021  c_w.l(libinit2.o)
    0x08000254   0x00000000   Code   RO         1101    .ARM.Collect$$libinit$$00000023  c_w.l(libinit2.o)
    0x08000254   0x00000000   Code   RO         1103    .ARM.Collect$$libinit$$00000025  c_w.l(libinit2.o)
    0x08000254   0x00000000   Code   RO         1107    .ARM.Collect$$libinit$$0000002C  c_w.l(libinit2.o)
    0x08000254   0x00000000   Code   RO         1109    .ARM.Collect$$libinit$$0000002E  c_w.l(libinit2.o)
    0x08000254   0x00000000   Code   RO         1111    .ARM.Collect$$libinit$$00000030  c_w.l(libinit2.o)
    0x08000254   0x00000000   Code   RO         1113    .ARM.Collect$$libinit$$00000032  c_w.l(libinit2.o)
    0x08000254   0x00000002   Code   RO         1114    .ARM.Collect$$libinit$$00000033  c_w.l(libinit2.o)
    0x08000256   0x00000002   Code   RO         1134    .ARM.Collect$$libshutdown$$00000000  c_w.l(libshutdown.o)
    0x08000258   0x00000000   Code   RO         1147    .ARM.Collect$$libshutdown$$00000002  c_w.l(libshutdown2.o)
    0x08000258   0x00000000   Code   RO         1149    .ARM.Collect$$libshutdown$$00000004  c_w.l(libshutdown2.o)
    0x08000258   0x00000000   Code   RO         1152    .ARM.Collect$$libshutdown$$00000007  c_w.l(libshutdown2.o)
    0x08000258   0x00000000   Code   RO         1155    .ARM.Collect$$libshutdown$$0000000A  c_w.l(libshutdown2.o)
    0x08000258   0x00000000   Code   RO         1157    .ARM.Collect$$libshutdown$$0000000C  c_w.l(libshutdown2.o)
    0x08000258   0x00000000   Code   RO         1160    .ARM.Collect$$libshutdown$$0000000F  c_w.l(libshutdown2.o)
    0x08000258   0x00000002   Code   RO         1161    .ARM.Collect$$libshutdown$$00000010  c_w.l(libshutdown2.o)
    0x0800025a   0x00000000   Code   RO         1023    .ARM.Collect$$rtentry$$00000000  c_w.l(__rtentry.o)
    0x0800025a   0x00000000   Code   RO         1039    .ARM.Collect$$rtentry$$00000002  c_w.l(__rtentry2.o)
    0x0800025a   0x00000006   Code   RO         1051    .ARM.Collect$$rtentry$$00000004  c_w.l(__rtentry4.o)
    0x08000260   0x00000000   Code   RO         1041    .ARM.Collect$$rtentry$$00000009  c_w.l(__rtentry2.o)
    0x08000260   0x00000004   Code   RO         1042    .ARM.Collect$$rtentry$$0000000A  c_w.l(__rtentry2.o)
    0x08000264   0x00000000   Code   RO         1044    .ARM.Collect$$rtentry$$0000000C  c_w.l(__rtentry2.o)
    0x08000264   0x00000008   Code   RO         1045    .ARM.Collect$$rtentry$$0000000D  c_w.l(__rtentry2.o)
    0x0800026c   0x00000002   Code   RO         1068    .ARM.Collect$$rtexit$$00000000  c_w.l(rtexit.o)
    0x0800026e   0x00000000   Code   RO         1116    .ARM.Collect$$rtexit$$00000002  c_w.l(rtexit2.o)
    0x0800026e   0x00000004   Code   RO         1117    .ARM.Collect$$rtexit$$00000003  c_w.l(rtexit2.o)
    0x08000272   0x00000006   Code   RO         1118    .ARM.Collect$$rtexit$$00000004  c_w.l(rtexit2.o)
    0x08000278   0x00000040   Code   RO           63    .text               startup_stm32f40_41xxx.o
    0x080002b8   0x00000028   Code   RO          969    .text               c_w.l(noretval__2sprintf.o)
    0x080002e0   0x0000004e   Code   RO          973    .text               c_w.l(_printf_pad.o)
    0x0800032e   0x00000002   PAD
    0x08000330   0x00000078   Code   RO          975    .text               c_w.l(_printf_dec.o)
    0x080003a8   0x00000138   Code   RO          989    .text               c_w.l(__printf_flags_wp.o)
    0x080004e0   0x0000004e   Code   RO          999    .text               c_w.l(rt_memclr_w.o)
    0x0800052e   0x00000006   Code   RO         1001    .text               c_w.l(heapauxi.o)
    0x08000534   0x000000b2   Code   RO         1024    .text               c_w.l(_printf_intcommon.o)
    0x080005e6   0x00000002   PAD
    0x080005e8   0x00000030   Code   RO         1026    .text               c_w.l(_printf_char_common.o)
    0x08000618   0x0000000a   Code   RO         1028    .text               c_w.l(_sputc.o)
    0x08000622   0x0000004a   Code   RO         1055    .text               c_w.l(sys_stackheap_outer.o)
    0x0800066c   0x00000012   Code   RO         1057    .text               c_w.l(exit.o)
    0x0800067e   0x00000002   PAD
    0x08000680   0x00000008   Code   RO         1065    .text               c_w.l(libspace.o)
    0x08000688   0x0000000c   Code   RO         1126    .text               c_w.l(sys_exit.o)
    0x08000694   0x00000002   Code   RO         1137    .text               c_w.l(use_no_semi.o)
    0x08000696   0x00000000   Code   RO         1139    .text               c_w.l(indicate_semi.o)
    0x08000696   0x00000002   PAD
    0x08000698   0x00000030   Code   RO          662    i.Crc16             hp6.o
    0x080006c8   0x00000030   Code   RO          241    i.EXTI0_IRQHandler  exti.o
    0x080006f8   0x0000002c   Code   RO          663    i.HP_6_CloseBp      hp6.o
    0x08000724   0x0000002c   Code   RO          664    i.HP_6_CloseRate    hp6.o
    0x08000750   0x0000002c   Code   RO          667    i.HP_6_GetBpResult  hp6.o
    0x0800077c   0x0000002c   Code   RO          668    i.HP_6_GetRateResult  hp6.o
    0x080007a8   0x00000024   Code   RO          669    i.HP_6_GetResultData  hp6.o
    0x080007cc   0x0000002c   Code   RO          670    i.HP_6_OpenBp       hp6.o
    0x080007f8   0x0000002c   Code   RO          671    i.HP_6_OpenRate     hp6.o
    0x08000824   0x00000046   Code   RO          673    i.HP_6_SendCmd      hp6.o
    0x0800086a   0x00000044   Code   RO          675    i.Hp_6_I2CRead      hp6.o
    0x080008ae   0x0000003a   Code   RO          676    i.Hp_6_I2CWrite     hp6.o
    0x080008e8   0x00000060   Code   RO          677    i.Hp_6_init         hp6.o
    0x08000948   0x00000070   Code   RO          545    i.IIC_ack           iic.o
    0x080009b8   0x000000b4   Code   RO          546    i.IIC_init          iic.o
    0x08000a6c   0x00000070   Code   RO          547    i.IIC_nAck          iic.o
    0x08000adc   0x00000090   Code   RO          548    i.IIC_readByte      iic.o
    0x08000b6c   0x00000084   Code   RO          549    i.IIC_sendByte      iic.o
    0x08000bf0   0x00000038   Code   RO          550    i.IIC_start         iic.o
    0x08000c28   0x0000004c   Code   RO          551    i.IIC_stop          iic.o
    0x08000c74   0x00000068   Code   RO          552    i.IIC_waitAck       iic.o
    0x08000cdc   0x00000050   Code   RO          779    i.MPU_Get_Accelerometer  mpu6050.o
    0x08000d2c   0x00000070   Code   RO          782    i.MPU_Init          mpu6050.o
    0x08000d9c   0x0000003a   Code   RO          783    i.MPU_Read_Byte     mpu6050.o
    0x08000dd6   0x00000074   Code   RO          784    i.MPU_Read_Len      mpu6050.o
    0x08000e4a   0x00000010   Code   RO          785    i.MPU_Set_Accel_Fsr  mpu6050.o
    0x08000e5a   0x0000003a   Code   RO          787    i.MPU_Set_LPF       mpu6050.o
    0x08000e94   0x0000003a   Code   RO          788    i.MPU_Set_Rate      mpu6050.o
    0x08000ece   0x00000044   Code   RO          789    i.MPU_Write_Byte    mpu6050.o
    0x08000f12   0x00000040   Code   RO          398    i.OLED_clear        oled.o
    0x08000f52   0x00000002   PAD
    0x08000f54   0x0000000c   Code   RO          399    i.OLED_deSelect     oled.o
    0x08000f60   0x0000004c   Code   RO          402    i.OLED_drawBMP      oled.o
    0x08000fac   0x000000c0   Code   RO          404    i.OLED_pinInit      oled.o
    0x0800106c   0x00000016   Code   RO          405    i.OLED_pow          oled.o
    0x08001082   0x00000002   PAD
    0x08001084   0x00000024   Code   RO          406    i.OLED_reset        oled.o
    0x080010a8   0x0000000c   Code   RO          407    i.OLED_select       oled.o
    0x080010b4   0x00000032   Code   RO          408    i.OLED_setPos       oled.o
    0x080010e6   0x00000002   PAD
    0x080010e8   0x00000070   Code   RO          409    i.OLED_showCHinese  oled.o
    0x08001158   0x00000128   Code   RO          410    i.OLED_showChar     oled.o
    0x08001280   0x00000088   Code   RO          411    i.OLED_showNum      oled.o
    0x08001308   0x00000048   Code   RO          412    i.OLED_showString   oled.o
    0x08001350   0x00000030   Code   RO          413    i.OLED_writeByte    oled.o
    0x08001380   0x00000104   Code   RO          414    i.Oled_init         oled.o
    0x08001484   0x0000002c   Code   RO          865    i.RTC_Alarm_IRQHandler  rtc.o
    0x080014b0   0x00000016   Code   RO          866    i.RTC_BCD2DEC       rtc.o
    0x080014c6   0x0000001c   Code   RO          867    i.RTC_DEC2BCD       rtc.o
    0x080014e2   0x00000002   PAD
    0x080014e4   0x00000044   Code   RO          868    i.RTC_getDate       rtc.o
    0x08001528   0x0000005c   Code   RO          869    i.RTC_getDateAndTime  rtc.o
    0x08001584   0x00000044   Code   RO          870    i.RTC_getTime       rtc.o
    0x080015c8   0x000000c8   Code   RO          871    i.RTC_init          rtc.o
    0x08001690   0x00000030   Code   RO          872    i.RTC_initMode      rtc.o
    0x080016c0   0x00000064   Code   RO          875    i.RTC_setDate       rtc.o
    0x08001724   0x0000001e   Code   RO          876    i.RTC_setDateAndTime  rtc.o
    0x08001742   0x00000002   PAD
    0x08001744   0x00000064   Code   RO          877    i.RTC_setTime       rtc.o
    0x080017a8   0x00000038   Code   RO          878    i.RTC_waitSynchro   rtc.o
    0x080017e0   0x00000008   Code   RO          607    i.SHT20_Init        sht20.o
    0x080017e8   0x00000010   Code   RO          608    i.SHT20_readOneByte  sht20.o
    0x080017f8   0x00000020   Code   RO          609    i.SHT20_readTemAndHum  sht20.o
    0x08001818   0x000000cc   Code   RO          610    i.SHT20_readTemOrHum  sht20.o
    0x080018e4   0x00000022   Code   RO          611    i.SHT20_setResolution  sht20.o
    0x08001906   0x00000018   Code   RO          612    i.SHT20_softReset   sht20.o
    0x0800191e   0x00000014   Code   RO          613    i.SHT20_writeOneByte  sht20.o
    0x08001932   0x00000002   PAD
    0x08001934   0x0000009c   Code   RO            3    i.SetSysClock       system_stm32f4xx.o
    0x080019d0   0x00000030   Code   RO          519    i.Spi1_RevSendByte  spi.o
    0x08001a00   0x000000a4   Code   RO          520    i.Spi1_init         spi.o
    0x08001aa4   0x00000068   Code   RO            5    i.SystemInit        system_stm32f4xx.o
    0x08001b0c   0x0000002c   Code   RO          367    i.TIM3_IRQHandler   timer.o
    0x08001b38   0x00000054   Code   RO          311    i.USART1_IRQHandler  uart.o
    0x08001b8c   0x0000001c   Code   RO          312    i.Uart1_sendData    uart.o
    0x08001ba8   0x0000000e   Code   RO          987    i._is_digit         c_w.l(__printf_wp.o)
    0x08001bb6   0x00000002   PAD
    0x08001bb8   0x00000118   Code   RO           69    i.bp_page           main.o
    0x08001cd0   0x00000108   Code   RO           70    i.clock_page        main.o
    0x08001dd8   0x00000040   Code   RO          271    i.delay_init        delay.o
    0x08001e18   0x00000038   Code   RO          272    i.delay_ms          delay.o
    0x08001e50   0x0000003c   Code   RO          273    i.delay_us          delay.o
    0x08001e8c   0x0000003c   Code   RO          274    i.delay_xms         delay.o
    0x08001ec8   0x0000002c   Code   RO          194    i.key_init          key.o
    0x08001ef4   0x00000064   Code   RO          195    i.key_scan          key.o
    0x08001f58   0x00000054   Code   RO          221    i.led_init          led.o
    0x08001fac   0x00000098   Code   RO           71    i.main              main.o
    0x08002044   0x000000fc   Code   RO           72    i.pulse_page        main.o
    0x08002140   0x00000018   Code   RO          315    i.send_byte         uart.o
    0x08002158   0x00000068   Code   RO           73    i.show_page         main.o
    0x080021c0   0x000000fc   Code   RO           75    i.show_page2        main.o
    0x080022bc   0x000001e4   Code   RO           76    i.step_page         main.o
    0x080024a0   0x00000190   Code   RO           77    i.time_page         main.o
    0x08002630   0x0000000a   Code   RO         1124    x$fpl$fpinit        fz_wm.l(fpinit.o)
    0x0800263a   0x00000e7a   Data   RO           78    .constdata          main.o
    0x080034b4   0x00000d28   Data   RO          415    .constdata          oled.o
    0x080041dc   0x000002d8   Data   RO          679    .constdata          hp6.o
    0x080044b4   0x00000008   Data   RO          879    .constdata          rtc.o
    0x080044bc   0x00000011   Data   RO          990    .constdata          c_w.l(__printf_flags_wp.o)
    0x080044cd   0x00000003   PAD
    0x080044d0   0x00000020   Data   RO         1192    Region$$Table       anon$$obj.o


    Execution Region RW_IRAM1 (Base: 0x20000000, Size: 0x00001340, Max: 0x00020000, ABSOLUTE, COMPRESSED[0x00000468])

    Base Addr    Size         Type   Attr      Idx    E Section Name        Object

    0x20000000   0x00000001   Data   RW           79    .data               main.o
    0x20000001   0x00000001   Data   RW          196    .data               key.o
    0x20000002   0x00000004   Data   RW          275    .data               delay.o
    0x20000006   0x00000002   Data   RW          317    .data               uart.o
    0x20000008   0x00000c80   Data   RW          416    .data               oled.o
    0x20000c88   0x00000008   Data   RW          614    .data               sht20.o
    0x20000c90   0x00000008   Data   RW          880    .data               rtc.o
    0x20000c98   0x00000014   Zero   RW          316    .bss                uart.o
    0x20000cac   0x00000030   Zero   RW          678    .bss                hp6.o
    0x20000cdc   0x00000060   Zero   RW         1066    .bss                c_w.l(libspace.o)
    0x20000d3c   0x00000004   PAD
    0x20000d40   0x00000200   Zero   RW           61    HEAP                startup_stm32f40_41xxx.o
    0x20000f40   0x00000400   Zero   RW           60    STACK               startup_stm32f40_41xxx.o


==============================================================================

Image component sizes


      Code (inc. data)   RO Data    RW Data    ZI Data      Debug   Object Name

       240         16          0          4          0       2311   delay.o
        48          8          0          0          0        483   exti.o
       640        104        728          0         48       8149   hp6.o
       916         50          0          0          0       4279   iic.o
       144         18          0          1          0        998   key.o
        84          8          0          0          0        447   led.o
      2188        318       3706          1          0     204106   main.o
       566          0          0          0          0       5404   mpu6050.o
      1388         50       3368       3200          0       9472   oled.o
       856         54          8          8          0       7683   rtc.o
       338         22          0          8          0       4510   sht20.o
       212         26          0          0          0       1003   spi.o
        64         26        392          0       1536        820   startup_stm32f40_41xxx.o
       260         34          0          0          0       5541   system_stm32f4xx.o
        44          8          0          0          0        450   timer.o
       136         22          0          2         20       2055   uart.o

    ----------------------------------------------------------------------
      8136        764       8234       3224       1604     257711   Object Totals
         0          0         32          0          0          0   (incl. Generated)
        12          0          0          0          0          0   (incl. Padding)

    ----------------------------------------------------------------------

      Code (inc. data)   RO Data    RW Data    ZI Data      Debug   Library Member Name

       100          0          0          0          0          0   __dclz77c.o
         8          0          0          0          0         68   __main.o
       312          4         17          0          0         92   __printf_flags_wp.o
        14          0          0          0          0         68   __printf_wp.o
         0          0          0          0          0          0   __rtentry.o
        12          0          0          0          0          0   __rtentry2.o
         6          0          0          0          0          0   __rtentry4.o
        52          8          0          0          0          0   __scatter.o
        28          0          0          0          0          0   __scatter_zi.o
        48          6          0          0          0         96   _printf_char_common.o
         6          0          0          0          0          0   _printf_d.o
       120         16          0          0          0         92   _printf_dec.o
       178          0          0          0          0         88   _printf_intcommon.o
        78          0          0          0          0        108   _printf_pad.o
         0          0          0          0          0          0   _printf_percent.o
         4          0          0          0          0          0   _printf_percent_end.o
        10          0          0          0          0         68   _sputc.o
        18          0          0          0          0         80   exit.o
         6          0          0          0          0        152   heapauxi.o
         0          0          0          0          0          0   indicate_semi.o
         2          0          0          0          0          0   libinit.o
         6          0          0          0          0          0   libinit2.o
         2          0          0          0          0          0   libshutdown.o
         2          0          0          0          0          0   libshutdown2.o
         8          4          0          0         96         68   libspace.o
        40          6          0          0          0         84   noretval__2sprintf.o
        78          0          0          0          0         80   rt_memclr_w.o
         2          0          0          0          0          0   rtexit.o
        10          0          0          0          0          0   rtexit2.o
        12          4          0          0          0         68   sys_exit.o
        74          0          0          0          0         80   sys_stackheap_outer.o
         2          0          0          0          0         68   use_no_semi.o
        10          0          0          0          0        116   fpinit.o

    ----------------------------------------------------------------------
      1258         48         20          0        100       1476   Library Totals
        10          0          3          0          4          0   (incl. Padding)

    ----------------------------------------------------------------------

      Code (inc. data)   RO Data    RW Data    ZI Data      Debug   Library Name

      1238         48         17          0         96       1360   c_w.l
        10          0          0          0          0        116   fz_wm.l

    ----------------------------------------------------------------------
      1258         48         20          0        100       1476   Library Totals

    ----------------------------------------------------------------------

==============================================================================


      Code (inc. data)   RO Data    RW Data    ZI Data      Debug   

      9394        812       8254       3224       1704     250463   Grand Totals
      9394        812       8254       1128       1704     250463   ELF Image Totals (compressed)
      9394        812       8254       1128          0          0   ROM Totals

==============================================================================

    Total RO  Size (Code + RO Data)                17648 (  17.23kB)
    Total RW  Size (RW Data + ZI Data)              4928 (   4.81kB)
    Total ROM Size (Code + RO Data + RW Data)      18776 (  18.34kB)

==============================================================================

